Component: ARM Compiler 5.06 update 6 (build 750) Tool: armlink [4d35ed]

==============================================================================

Section Cross References

    main.o(i.Jetson_PackageProcess) refers to 4wheel_differential.o(i.Car_SetVelocity) for Car_SetVelocity
    main.o(i.Jetson_PackageProcess) refers to 4wheel_differential.o(i.Car_SetDistance) for Car_SetDistance
    main.o(i.fputc) refers to uart.o(i.UARTCharPut) for UARTCharPut
    main.o(i.main) refers to sysctl.o(i.SysCtlClockFreqSet) for SysCtlClockFreqSet
    main.o(i.main) refers to interrupt.o(i.IntPriorityGroupingSet) for IntPriorityGroupingSet
    main.o(i.main) refers to fpu.o(i.FPULazyStackingEnable) for FPULazyStackingEnable
    main.o(i.main) refers to tv_gpio.o(i.TV_GPIO_Init) for TV_GPIO_Init
    main.o(i.main) refers to tv_uart.o(i.TV_UART_Init) for TV_UART_Init
    main.o(i.main) refers to tv_i2c.o(i.TV_I2C_Init) for TV_I2C_Init
    main.o(i.main) refers to tv_pwm.o(i.TV_PWM_Init) for TV_PWM_Init
    main.o(i.main) refers to mdp_io.o(i.io_Init) for io_Init
    main.o(i.main) refers to mdp_pkgproc.o(i.io_PackageMode) for io_PackageMode
    main.o(i.main) refers to mdp_pkgproc.o(i.io_SetPkgParseFmt) for io_SetPkgParseFmt
    main.o(i.main) refers to motor.o(i.DCMotor_Init) for DCMotor_Init
    main.o(i.main) refers to 4wheel_differential.o(i.Car_SetVelocity) for Car_SetVelocity
    main.o(i.main) refers to freertos.o(i.TV_FREERTOS_Init) for TV_FREERTOS_Init
    main.o(i.main) refers to tasks.o(i.vTaskStartScheduler) for vTaskStartScheduler
    main.o(i.main) refers to main.o(.bss) for Jetsonio_OutputBuf2
    main.o(i.main) refers to main.o(i.Jetson_PackageProcess) for Jetson_PackageProcess
    main.o(i.main) refers to main.o(.constdata) for JetsonPkgFmt
    tm4c129_it.o(i.EXTI_GPIOG_IRQHandler) refers to gpio.o(i.GPIOIntStatus) for GPIOIntStatus
    tm4c129_it.o(i.EXTI_GPIOG_IRQHandler) refers to tm4c129_it.o(i.LFEA_Process) for LFEA_Process
    tm4c129_it.o(i.EXTI_GPIOG_IRQHandler) refers to tm4c129_it.o(i.LFEB_Process) for LFEB_Process
    tm4c129_it.o(i.EXTI_GPIOG_IRQHandler) refers to tm4c129_it.o(i.LREA_Process) for LREA_Process
    tm4c129_it.o(i.EXTI_GPIOG_IRQHandler) refers to tm4c129_it.o(i.LREB_Process) for LREB_Process
    tm4c129_it.o(i.EXTI_GPIOG_IRQHandler) refers to tm4c129_it.o(i.RFEA_Process) for RFEA_Process
    tm4c129_it.o(i.EXTI_GPIOG_IRQHandler) refers to tm4c129_it.o(i.RFEB_Process) for RFEB_Process
    tm4c129_it.o(i.EXTI_GPIOG_IRQHandler) refers to tm4c129_it.o(i.RREA_Process) for RREA_Process
    tm4c129_it.o(i.EXTI_GPIOG_IRQHandler) refers to tm4c129_it.o(i.RREB_Process) for RREB_Process
    tm4c129_it.o(i.LFEA_Process) refers to gpio.o(i.GPIOIntClear) for GPIOIntClear
    tm4c129_it.o(i.LFEA_Process) refers to gpio.o(i.GPIOPinRead) for GPIOPinRead
    tm4c129_it.o(i.LFEA_Process) refers to main.o(.bss) for LeftFrontMotor
    tm4c129_it.o(i.LFEB_Process) refers to gpio.o(i.GPIOIntClear) for GPIOIntClear
    tm4c129_it.o(i.LFEB_Process) refers to gpio.o(i.GPIOPinRead) for GPIOPinRead
    tm4c129_it.o(i.LFEB_Process) refers to main.o(.bss) for LeftFrontMotor
    tm4c129_it.o(i.LREA_Process) refers to gpio.o(i.GPIOIntClear) for GPIOIntClear
    tm4c129_it.o(i.LREA_Process) refers to gpio.o(i.GPIOPinRead) for GPIOPinRead
    tm4c129_it.o(i.LREA_Process) refers to main.o(.bss) for LeftRearMotor
    tm4c129_it.o(i.LREB_Process) refers to gpio.o(i.GPIOIntClear) for GPIOIntClear
    tm4c129_it.o(i.LREB_Process) refers to gpio.o(i.GPIOPinRead) for GPIOPinRead
    tm4c129_it.o(i.LREB_Process) refers to main.o(.bss) for LeftRearMotor
    tm4c129_it.o(i.RFEA_Process) refers to gpio.o(i.GPIOIntClear) for GPIOIntClear
    tm4c129_it.o(i.RFEA_Process) refers to gpio.o(i.GPIOPinRead) for GPIOPinRead
    tm4c129_it.o(i.RFEA_Process) refers to main.o(.bss) for RightFrontMotor
    tm4c129_it.o(i.RFEB_Process) refers to gpio.o(i.GPIOIntClear) for GPIOIntClear
    tm4c129_it.o(i.RFEB_Process) refers to gpio.o(i.GPIOPinRead) for GPIOPinRead
    tm4c129_it.o(i.RFEB_Process) refers to main.o(.bss) for RightFrontMotor
    tm4c129_it.o(i.RREA_Process) refers to gpio.o(i.GPIOIntClear) for GPIOIntClear
    tm4c129_it.o(i.RREA_Process) refers to gpio.o(i.GPIOPinRead) for GPIOPinRead
    tm4c129_it.o(i.RREA_Process) refers to main.o(.bss) for RightRearMotor
    tm4c129_it.o(i.RREB_Process) refers to gpio.o(i.GPIOIntClear) for GPIOIntClear
    tm4c129_it.o(i.RREB_Process) refers to gpio.o(i.GPIOPinRead) for GPIOPinRead
    tm4c129_it.o(i.RREB_Process) refers to main.o(.bss) for RightRearMotor
    tm4c129_it.o(i.UART0_IRQHandler) refers to uart.o(i.UARTIntStatus) for UARTIntStatus
    tm4c129_it.o(i.UART0_IRQHandler) refers to uart.o(i.UARTIntClear) for UARTIntClear
    tm4c129_it.o(i.UART0_IRQHandler) refers to uart.o(i.UARTCharGetNonBlocking) for UARTCharGetNonBlocking
    tm4c129_it.o(i.UART0_IRQHandler) refers to uart.o(i.UARTCharPutNonBlocking) for UARTCharPutNonBlocking
[...]
    i.GPIOPinTypeUART                        0x000011b2   Section        0  gpio.o(i.GPIOPinTypeUART)
    i.GPIOPinWrite                           0x000011d0   Section        0  gpio.o(i.GPIOPinWrite)
    i.I2CMasterEnable                        0x000011da   Section        0  i2c.o(i.I2CMasterEnable)
    i.I2CMasterGlitchFilterConfigSet         0x000011e4   Section        0  i2c.o(i.I2CMasterGlitchFilterConfigSet)
    i.I2CMasterInitExpClk                    0x00001228   Section        0  i2c.o(i.I2CMasterInitExpClk)
    i.IntEnable                              0x00001284   Section        0  interrupt.o(i.IntEnable)
    i.IntMasterEnable                        0x000012f8   Section        0  interrupt.o(i.IntMasterEnable)
    i.IntPriorityGroupingSet                 0x00001308   Section        0  interrupt.o(i.IntPriorityGroupingSet)
    i.IntPrioritySet                         0x00001324   Section        0  interrupt.o(i.IntPrioritySet)
    i.IntRegister                            0x00001358   Section        0  interrupt.o(i.IntRegister)
    i.Jetson_PackageProcess                  0x00001394   Section        0  main.o(i.Jetson_PackageProcess)
    i.Jetsonio_Process                       0x000013e0   Section        0  freertos.o(i.Jetsonio_Process)
    i.KeyDetect                              0x000013fc   Section        0  freertos.o(i.KeyDetect)
    i.LEDBlink                               0x00001430   Section        0  freertos.o(i.LEDBlink)
    i.LFEA_Process                           0x0000145c   Section        0  tm4c129_it.o(i.LFEA_Process)
    i.LFEB_Process                           0x000014b0   Section        0  tm4c129_it.o(i.LFEB_Process)
    i.LREA_Process                           0x00001504   Section        0  tm4c129_it.o(i.LREA_Process)
    i.LREB_Process                           0x00001558   Section        0  tm4c129_it.o(i.LREB_Process)
    i.MotorAngleControl                      0x000015ac   Section        0  motor.o(i.MotorAngleControl)
    i.MotorVelocityControl                   0x0000160c   Section        0  motor.o(i.MotorVelocityControl)
    i.PID_Init                               0x000016a4   Section        0  motor.o(i.PID_Init)
    i.PID_Update                             0x000016e8   Section        0  motor.o(i.PID_Update)
    i.PWMGenConfigure                        0x00001750   Section        0  pwm.o(i.PWMGenConfigure)
    i.PWMGenEnable                           0x00001780   Section        0  pwm.o(i.PWMGenEnable)
    i.PWMGenPeriodSet                        0x0000178a   Section        0  pwm.o(i.PWMGenPeriodSet)
    i.PWMOutputState                         0x000017a0   Section        0  pwm.o(i.PWMOutputState)
    i.PWMPulseWidthSet                       0x000017b4   Section        0  pwm.o(i.PWMPulseWidthSet)
    i.RFEA_Process                           0x000017dc   Section        0  tm4c129_it.o(i.RFEA_Process)
    i.RFEB_Process                           0x00001830   Section        0  tm4c129_it.o(i.RFEB_Process)
    i.RREA_Process                           0x00001884   Section        0  tm4c129_it.o(i.RREA_Process)
    i.RREB_Process                           0x000018d8   Section        0  tm4c129_it.o(i.RREB_Process)
    i.SetMotorAngle                          0x0000192c   Section        0  motor.o(i.SetMotorAngle)
    i.SetMotorPWM                            0x00001938   Section        0  motor.o(i.SetMotorPWM)
    i.SetMotorRotateBackward                 0x00001984   Section        0  motor.o(i.SetMotorRotateBackward)
    i.SetMotorRotateForward                  0x000019a6   Section        0  motor.o(i.SetMotorRotateForward)
    i.SetMotorVelocity                       0x000019c8   Section        0  motor.o(i.SetMotorVelocity)
    i.StopMotor                              0x00001a0c   Section        0  motor.o(i.StopMotor)
    i.SysCtlClockFreqSet                     0x00001a34   Section        0  sysctl.o(i.SysCtlClockFreqSet)
    i.SysCtlPWMClockSet                      0x00001cf8   Section        0  sysctl.o(i.SysCtlPWMClockSet)
    i.SysCtlPeripheralDisable                0x00001d0c   Section        0  sysctl.o(i.SysCtlPeripheralDisable)
    i.SysCtlPeripheralEnable                 0x00001d40   Section        0  sysctl.o(i.SysCtlPeripheralEnable)
    i.SysCtlPeripheralReset                  0x00001d74   Section        0  sysctl.o(i.SysCtlPeripheralReset)
    i.SysTick_Handler                        0x00001de4   Section        0  port.o(i.SysTick_Handler)
    i.TV_FREERTOS_Init                       0x00001e18   Section        0  freertos.o(i.TV_FREERTOS_Init)
    i.TV_GPIO_Init                           0x00001ee4   Section        0  tv_gpio.o(i.TV_GPIO_Init)
    i.TV_I2C_Init                            0x000020e4   Section        0  tv_i2c.o(i.TV_I2C_Init)
    i.TV_PWM_Init                            0x0000214c   Section        0  tv_pwm.o(i.TV_PWM_Init)
    i.TV_UART_Init                           0x0000224c   Section        0  tv_uart.o(i.TV_UART_Init)
    i.UART2_IRQHandler                       0x00002318   Section        0  tm4c129_it.o(i.UART2_IRQHandler)
    i.UART4_IRQHandler                       0x0000235c   Section        0  tm4c129_it.o(i.UART4_IRQHandler)
    i.UARTCharGet                            0x000023b4   Section        0  uart.o(i.UARTCharGet)
    i.UARTCharGetNonBlocking                 0x000023c6   Section        0  uart.o(i.UARTCharGetNonBlocking)
    i.UARTCharPut                            0x000023da   Section        0  uart.o(i.UARTCharPut)
    i.UARTCharsAvail                         0x000023ea   Section        0  uart.o(i.UARTCharsAvail)
    i.UARTConfigSetExpClk                    0x000023f6   Section        0  uart.o(i.UARTConfigSetExpClk)
    i.UARTDisable                            0x00002442   Section        0  uart.o(i.UARTDisable)
    i.UARTEnable                             0x00002462   Section        0  uart.o(i.UARTEnable)
    i.UARTFIFODisable                        0x00002476   Section        0  uart.o(i.UARTFIFODisable)
    i.UARTFIFOLevelSet                       0x00002480   Section        0  uart.o(i.UARTFIFOLevelSet)
    i.UARTIntClear                           0x00002488   Section        0  uart.o(i.UARTIntClear)
    i.UARTIntEnable                          0x0000248c   Section        0  uart.o(i.UARTIntEnable)
    i.UARTIntRegister                        0x00002494   Section        0  uart.o(i.UARTIntRegister)
    i.UARTIntStatus                          0x000024b2   Section        0  uart.o(i.UARTIntStatus)
    i.UARTRxErrorClear                       0x000024be   Section        0  uart.o(i.UARTRxErrorClear)
    i.UARTRxErrorGet                         0x000024c4   Section        0  uart.o(i.UARTRxErrorGet)
    i.UART_Transmit                          0x000024ce   Section        0  tv_uart.o(i.UART_Transmit)
    i._GPIOIntNumberGet                      0x000024ec   Section        0  gpio.o(i._GPIOIntNumberGet)
    _GPIOIntNumberGet                        0x000024ed   Thumb Code    56  gpio.o(i._GPIOIntNumberGet)
    i._SysCtlFrequencyGet                    0x00002538   Section        0  sysctl.o(i._SysCtlFrequencyGet)
    _SysCtlFrequencyGet                      0x00002539   Thumb Code    96  sysctl.o(i._SysCtlFrequencyGet)
    i._SysCtlMemTimingGet                    0x0000259c   Section        0  sysctl.o(i._SysCtlMemTimingGet)
    _SysCtlMemTimingGet                      0x0000259d   Thumb Code    36  sysctl.o(i._SysCtlMemTimingGet)
    i._UARTIntNumberGet                      0x000025c4   Section        0  uart.o(i._UARTIntNumberGet)
    _UARTIntNumberGet                        0x000025c5   Thumb Code    56  uart.o(i._UARTIntNumberGet)
    i.__0printf                              0x00002610   Section        0  printfa.o(i.__0printf)
    i.__ARM_fpclassify                       0x00002630   Section        0  fpclassify.o(i.__ARM_fpclassify)
    i.__hardfp_atan                          0x00002660   Section        0  atan.o(i.__hardfp_atan)
    i.__kernel_poly                          0x00002938   Section        0  poly.o(i.__kernel_poly)
    i.__mathlib_dbl_infnan                   0x00002a30   Section        0  dunder.o(i.__mathlib_dbl_infnan)
    i.__mathlib_dbl_underflow                0x00002a48   Section        0  dunder.o(i.__mathlib_dbl_underflow)
    i.__scatterload_copy                     0x00002a68   Section       14  handlers.o(i.__scatterload_copy)
    i.__scatterload_null                     0x00002a76   Section        2  handlers.o(i.__scatterload_null)
    i.__scatterload_zeroinit                 0x00002a78   Section       14  handlers.o(i.__scatterload_zeroinit)
    i._fp_digits                             0x00002a88   Section        0  printfa.o(i._fp_digits)
    _fp_digits                               0x00002a89   Thumb Code   366  printfa.o(i._fp_digits)
    i._io_ActivatedBufEmpty                  0x00002c0c   Section        0  mdp_io.o(i._io_ActivatedBufEmpty)
    i._io_GetByte                            0x00002c22   Section        0  mdp_io.o(i._io_GetByte)
    i._io_GetLine                            0x00002c56   Section        0  mdp_io.o(i._io_GetLine)
    i._io_GetRawData                         0x00002ccc   Section        0  mdp_pkgproc.o(i._io_GetRawData)
    i._io_InputBufAdvancePointer             0x00002f78   Section        0  mdp_io.o(i._io_InputBufAdvancePointer)
    i._io_InputBufEmpty                      0x00002fa2   Section        0  mdp_io.o(i._io_InputBufEmpty)
    i._io_InputBufGetSize                    0x00002fba   Section        0  mdp_io.o(i._io_InputBufGetSize)
    i._io_InputBufRemove                     0x00002fe0   Section        0  mdp_io.o(i._io_InputBufRemove)
    i._io_InputBufRemoveByte                 0x00003000   Section        0  mdp_io.o(i._io_InputBufRemoveByte)
    i._io_InputBufRetreatPointer             0x0000301a   Section        0  mdp_io.o(i._io_InputBufRetreatPointer)
    i._io_InputBufWrite                      0x00003032   Section        0  mdp_io.o(i._io_InputBufWrite)
    i._io_InputBufWriteByte                  0x0000306c   Section        0  mdp_io.o(i._io_InputBufWriteByte)
    i._io_InputProcess                       0x00003080   Section        0  mdp_io.o(i._io_InputProcess)
    i._io_OutputProcess                      0x000030e2   Section        0  mdp_io.o(i._io_OutputProcess)
    i._io_PackageProcess                     0x00003134   Section        0  mdp_pkgproc.o(i._io_PackageProcess)
    i._io_Transmit                           0x0000316c   Section        0  mdp_io.o(i._io_Transmit)
    i._printf_core                           0x00003188   Section        0  printfa.o(i._printf_core)
    _printf_core                             0x00003189   Thumb Code  1744  printfa.o(i._printf_core)
    i._printf_post_padding                   0x00003864   Section        0  printfa.o(i._printf_post_padding)
    _printf_post_padding                     0x00003865   Thumb Code    36  printfa.o(i._printf_post_padding)
    i._printf_pre_padding                    0x00003888   Section        0  printfa.o(i._printf_pre_padding)
    _printf_pre_padding                      0x00003889   Thumb Code    46  printfa.o(i._printf_pre_padding)
    i.fabs                                   0x000038b6   Section        0  fabs.o(i.fabs)
    i.fputc                                  0x000038d0   Section        0  main.o(i.fputc)
    i.io_GetData                             0x000038e8   Section        0  mdp_io.o(i.io_GetData)
    i.io_Init                                0x00003920   Section        0  mdp_io.o(i.io_Init)
    i.io_PackageMode                         0x000039dc   Section        0  mdp_pkgproc.o(i.io_PackageMode)
    i.io_SetPkgParseFmt                      0x00003a14   Section        0  mdp_pkgproc.o(i.io_SetPkgParseFmt)
    i.main                                   0x00003a70   Section        0  main.o(i.main)
    i.prvAddCurrentTaskToDelayedList         0x00003b98   Section        0  tasks.o(i.prvAddCurrentTaskToDelayedList)
    prvAddCurrentTaskToDelayedList           0x00003b99   Thumb Code   100  tasks.o(i.prvAddCurrentTaskToDelayedList)
    i.prvAddNewTaskToReadyList               0x00003c14   Section        0  tasks.o(i.prvAddNewTaskToReadyList)
    prvAddNewTaskToReadyList                 0x00003c15   Thumb Code   148  tasks.o(i.prvAddNewTaskToReadyList)
    i.prvCheckForValidListAndQueue           0x00003cc4   Section        0  timers.o(i.prvCheckForValidListAndQueue)
    prvCheckForValidListAndQueue             0x00003cc5   Thumb Code    72  timers.o(i.prvCheckForValidListAndQueue)
    i.prvCheckTasksWaitingTermination        0x00003d28   Section        0  tasks.o(i.prvCheckTasksWaitingTermination)
    prvCheckTasksWaitingTermination          0x00003d29   Thumb Code    60  tasks.o(i.prvCheckTasksWaitingTermination)
    i.prvCopyDataFromQueue                   0x00003d70   Section        0  queue.o(i.prvCopyDataFromQueue)
    prvCopyDataFromQueue                     0x00003d71   Thumb Code    42  queue.o(i.prvCopyDataFromQueue)
    i.prvCopyDataToQueue                     0x00003d9a   Section        0  queue.o(i.prvCopyDataToQueue)
    prvCopyDataToQueue                       0x00003d9b   Thumb Code   106  queue.o(i.prvCopyDataToQueue)
    i.prvDeleteTCB                           0x00003e04   Section        0  tasks.o(i.prvDeleteTCB)
    prvDeleteTCB                             0x00003e05   Thumb Code    18  tasks.o(i.prvDeleteTCB)
    i.prvGetNextExpireTime                   0x00003e18   Section        0  timers.o(i.prvGetNextExpireTime)
    prvGetNextExpireTime                     0x00003e19   Thumb Code    36  timers.o(i.prvGetNextExpireTime)
    i.prvHeapInit                            0x00003e40   Section        0  heap_4.o(i.prvHeapInit)
    prvHeapInit                              0x00003e41   Thumb Code    98  heap_4.o(i.prvHeapInit)
    i.prvIdleTask                            0x00003ebc   Section        0  tasks.o(i.prvIdleTask)
    prvIdleTask                              0x00003ebd   Thumb Code    32  tasks.o(i.prvIdleTask)
    i.prvInitialiseNewQueue                  0x00003ee4   Section        0  queue.o(i.prvInitialiseNewQueue)
    prvInitialiseNewQueue                    0x00003ee5   Thumb Code    42  queue.o(i.prvInitialiseNewQueue)
    i.prvInitialiseNewTask                   0x00003f0e   Section        0  tasks.o(i.prvInitialiseNewTask)
    prvInitialiseNewTask                     0x00003f0f   Thumb Code   164  tasks.o(i.prvInitialiseNewTask)
    i.prvInitialiseTaskLists                 0x00003fb4   Section        0  tasks.o(i.prvInitialiseTaskLists)
    prvInitialiseTaskLists                   0x00003fb5   Thumb Code    70  tasks.o(i.prvInitialiseTaskLists)
    i.prvInsertBlockIntoFreeList             0x0000401c   Section        0  heap_4.o(i.prvInsertBlockIntoFreeList)
    prvInsertBlockIntoFreeList               0x0000401d   Thumb Code    96  heap_4.o(i.prvInsertBlockIntoFreeList)
    i.prvInsertTimerInActiveList             0x00004084   Section        0  timers.o(i.prvInsertTimerInActiveList)
    prvInsertTimerInActiveList               0x00004085   Thumb Code    80  timers.o(i.prvInsertTimerInActiveList)
    i.prvIsQueueEmpty                        0x000040dc   Section        0  queue.o(i.prvIsQueueEmpty)
    prvIsQueueEmpty                          0x000040dd   Thumb Code    26  queue.o(i.prvIsQueueEmpty)
    i.prvIsQueueFull                         0x000040f6   Section        0  queue.o(i.prvIsQueueFull)
    prvIsQueueFull                           0x000040f7   Thumb Code    30  queue.o(i.prvIsQueueFull)
    i.prvNotifyQueueSetContainer             0x00004114   Section        0  queue.o(i.prvNotifyQueueSetContainer)
    prvNotifyQueueSetContainer               0x00004115   Thumb Code   144  queue.o(i.prvNotifyQueueSetContainer)
    i.prvProcessExpiredTimer                 0x000041a4   Section        0  timers.o(i.prvProcessExpiredTimer)
    prvProcessExpiredTimer                   0x000041a5   Thumb Code    94  timers.o(i.prvProcessExpiredTimer)
    i.prvProcessReceivedCommands             0x00004208   Section        0  timers.o(i.prvProcessReceivedCommands)
    prvProcessReceivedCommands               0x00004209   Thumb Code   240  timers.o(i.prvProcessReceivedCommands)
    i.prvProcessTimerOrBlockTask             0x000042fc   Section        0  timers.o(i.prvProcessTimerOrBlockTask)
    prvProcessTimerOrBlockTask               0x000042fd   Thumb Code   102  timers.o(i.prvProcessTimerOrBlockTask)
    i.prvResetNextTaskUnblockTime            0x00004370   Section        0  tasks.o(i.prvResetNextTaskUnblockTime)
    prvResetNextTaskUnblockTime              0x00004371   Thumb Code    42  tasks.o(i.prvResetNextTaskUnblockTime)
    i.prvSampleTimeNow                       0x000043a4   Section        0  timers.o(i.prvSampleTimeNow)
    prvSampleTimeNow                         0x000043a5   Thumb Code    40  timers.o(i.prvSampleTimeNow)
    i.prvSwitchTimerLists                    0x000043d0   Section        0  timers.o(i.prvSwitchTimerLists)
    prvSwitchTimerLists                      0x000043d1   Thumb Code   150  timers.o(i.prvSwitchTimerLists)
    i.prvTaskExitError                       0x00004470   Section        0  port.o(i.prvTaskExitError)
    prvTaskExitError                         0x00004471   Thumb Code    60  port.o(i.prvTaskExitError)
    i.prvTimerTask                           0x000044b0   Section        0  timers.o(i.prvTimerTask)
    prvTimerTask                             0x000044b1   Thumb Code    26  timers.o(i.prvTimerTask)
    i.prvUnlockQueue                         0x000044ca   Section        0  queue.o(i.prvUnlockQueue)
    prvUnlockQueue                           0x000044cb   Thumb Code   146  queue.o(i.prvUnlockQueue)
    i.pvPortMalloc                           0x0000455c   Section        0  heap_4.o(i.pvPortMalloc)
    i.pxPortInitialiseStack                  0x000046a4   Section        0  port.o(i.pxPortInitialiseStack)
    i.uxListRemove                           0x000046d0   Section        0  list.o(i.uxListRemove)
    i.vApplicationMallocFailedHook           0x000046f8   Section        0  freertos.o(i.vApplicationMallocFailedHook)
    i.vApplicationStackOverflowHook          0x00004708   Section        0  freertos.o(i.vApplicationStackOverflowHook)
    i.vListInitialise                        0x0000471c   Section        0  list.o(i.vListInitialise)
    i.vListInitialiseItem                    0x00004736   Section        0  list.o(i.vListInitialiseItem)
    i.vListInsert                            0x0000473c   Section        0  list.o(i.vListInsert)
    i.vListInsertEnd                         0x00004770   Section        0  list.o(i.vListInsertEnd)
    i.vPortEnterCritical                     0x00004788   Section        0  port.o(i.vPortEnterCritical)
    i.vPortExitCritical                      0x000047dc   Section        0  port.o(i.vPortExitCritical)
    i.vPortFree                              0x00004818   Section        0  heap_4.o(i.vPortFree)
    i.vPortSetupTimerInterrupt               0x000048ac   Section        0  port.o(i.vPortSetupTimerInterrupt)
    i.vPortValidateInterruptPriority         0x000048c4   Section        0  port.o(i.vPortValidateInterruptPriority)
    i.vQueueAddToRegistry                    0x0000493c   Section        0  queue.o(i.vQueueAddToRegistry)
    i.vQueueWaitForMessageRestricted         0x00004968   Section        0  queue.o(i.vQueueWaitForMessageRestricted)
    i.vTaskDelay                             0x000049b4   Section        0  tasks.o(i.vTaskDelay)
    i.vTaskDelayUntil                        0x00004a10   Section        0  tasks.o(i.vTaskDelayUntil)
    i.vTaskInternalSetTimeOutState           0x00004ae4   Section        0  tasks.o(i.vTaskInternalSetTimeOutState)
    i.vTaskMissedYield                       0x00004afc   Section        0  tasks.o(i.vTaskMissedYield)
    i.vTaskPlaceOnEventList                  0x00004b08   Section        0  tasks.o(i.vTaskPlaceOnEventList)
    i.vTaskPlaceOnEventListRestricted        0x00004b40   Section        0  tasks.o(i.vTaskPlaceOnEventListRestricted)
    i.vTaskStartScheduler                    0x00004b80   Section        0  tasks.o(i.vTaskStartScheduler)
    i.vTaskSuspendAll                        0x00004c14   Section        0  tasks.o(i.vTaskSuspendAll)
    i.vTaskSwitchContext                     0x00004c24   Section        0  tasks.o(i.vTaskSwitchContext)
    i.xPortStartScheduler                    0x00004cd0   Section        0  port.o(i.xPortStartScheduler)
    i.xQueueGenericCreate                    0x00004e38   Section        0  queue.o(i.xQueueGenericCreate)
    i.xQueueGenericReset                     0x00004e90   Section        0  queue.o(i.xQueueGenericReset)
    i.xQueueGenericSend                      0x00004f28   Section        0  queue.o(i.xQueueGenericSend)
    i.xQueueGenericSendFromISR               0x000050f0   Section        0  queue.o(i.xQueueGenericSendFromISR)
    i.xQueueReceive                          0x000051f8   Section        0  queue.o(i.xQueueReceive)
    i.xTaskCheckForTimeOut                   0x00005360   Section        0  tasks.o(i.xTaskCheckForTimeOut)
    i.xTaskCreate                            0x000053ec   Section        0  tasks.o(i.xTaskCreate)
    i.xTaskGetSchedulerState                 0x0000544c   Section        0  tasks.o(i.xTaskGetSchedulerState)
    i.xTaskGetTickCount                      0x0000546c   Section        0  tasks.o(i.xTaskGetTickCount)
    i.xTaskIncrementTick                     0x00005478   Section        0  tasks.o(i.xTaskIncrementTick)
    i.xTaskRemoveFromEventList               0x000055bc   Section        0  tasks.o(i.xTaskRemoveFromEventList)
    i.xTaskResumeAll                         0x00005654   Section        0  tasks.o(i.xTaskResumeAll)
    i.xTimerCreateTimerTask                  0x00005758   Section        0  timers.o(i.xTimerCreateTimerTask)
    i.xTimerGenericCommand                   0x000057b0   Section        0  timers.o(i.xTimerGenericCommand)
    .constdata                               0x00005834   Section       32  main.o(.constdata)
    .constdata                               0x00005854   Section      552  gpio.o(.constdata)
    g_ppui32GPIOIntMapBlizzard               0x00005854   Data         192  gpio.o(.constdata)
    g_ppui32GPIOIntMapSnowflake              0x00005914   Data         216  gpio.o(.constdata)
    g_pui32GPIOBaseAddrs                     0x000059ec   Data         144  gpio.o(.constdata)
    .constdata                               0x00005a7c   Section      268  interrupt.o(.constdata)
    g_pui32Priority                          0x00005a7c   Data          32  interrupt.o(.constdata)
    g_pui32Regs                              0x00005a9c   Data         156  interrupt.o(.constdata)
    g_pui32EnRegs                            0x00005b38   Data          20  interrupt.o(.constdata)
    g_pui32Dii16Regs                         0x00005b4c   Data          20  interrupt.o(.constdata)
    g_pui32PendRegs                          0x00005b60   Data          20  interrupt.o(.constdata)
    g_pui32UnpendRegs                        0x00005b74   Data          20  interrupt.o(.constdata)
    .constdata                               0x00005b88   Section      128  uart.o(.constdata)
    g_ppui32UARTIntMap                       0x00005b88   Data          64  uart.o(.constdata)
    g_ppui32UARTIntMapSnowflake              0x00005bc8   Data          64  uart.o(.constdata)
    .constdata                               0x00005c08   Section      596  sysctl.o(.constdata)
    g_pui32Xtals                             0x00005c08   Data         108  sysctl.o(.constdata)
    g_pppui32XTALtoVCO                       0x00005c74   Data         432  sysctl.o(.constdata)
    g_sXTALtoMEMTIM                          0x00005e24   Data          48  sysctl.o(.constdata)
    g_pui32VCOFrequencies                    0x00005e54   Data           8  sysctl.o(.constdata)
    .constdata                               0x00005e5c   Section       32  mdp_pkgproc.o(.constdata)
    .constdata                               0x00005e80   Section      152  atan.o(.constdata)
    atanhi                                   0x00005e80   Data          32  atan.o(.constdata)
    atanlo                                   0x00005ea0   Data          32  atan.o(.constdata)
    aTodd                                    0x00005ec0   Data          40  atan.o(.constdata)
    aTeven                                   0x00005ee8   Data          48  atan.o(.constdata)
    .conststring                             0x00005f18   Section      233  mdp_pkgproc.o(.conststring)
    .data                                    0x20000000   Section       20  freertos.o(.data)
    .data                                    0x20000014   Section       60  tasks.o(.data)
    pxDelayedTaskList                        0x20000018   Data           4  tasks.o(.data)
    pxOverflowDelayedTaskList                0x2000001c   Data           4  tasks.o(.data)
    uxDeletedTasksWaitingCleanUp             0x20000020   Data           4  tasks.o(.data)
    uxCurrentNumberOfTasks                   0x20000024   Data           4  tasks.o(.data)
    xTickCount                               0x20000028   Data           4  tasks.o(.data)
    uxTopReadyPriority                       0x2000002c   Data           4  tasks.o(.data)
    xSchedulerRunning                        0x20000030   Data           4  tasks.o(.data)
    uxPendedTicks                            0x20000034   Data           4  tasks.o(.data)
    xYieldPending                            0x20000038   Data           4  tasks.o(.data)
    xNumOfOverflows                          0x2000003c   Data           4  tasks.o(.data)
    uxTaskNumber                             0x20000040   Data           4  tasks.o(.data)
    xNextTaskUnblockTime                     0x20000044   Data           4  tasks.o(.data)
    xIdleTaskHandle                          0x20000048   Data           4  tasks.o(.data)
    uxSchedulerSuspended                     0x2000004c   Data           4  tasks.o(.data)
    .data                                    0x20000050   Section       20  timers.o(.data)
    pxCurrentTimerList                       0x20000050   Data           4  timers.o(.data)
    pxOverflowTimerList                      0x20000054   Data           4  timers.o(.data)
    xTimerQueue                              0x20000058   Data           4  timers.o(.data)
    xTimerTaskHandle                         0x2000005c   Data           4  timers.o(.data)
    xLastTime                                0x20000060   Data           4  timers.o(.data)
    .data                                    0x20000064   Section       12  port.o(.data)
    uxCriticalNesting                        0x20000064   Data           4  port.o(.data)
    ucMaxSysCallPriority                     0x20000068   Data           1  port.o(.data)
    ulMaxPRIGROUPValue                       0x2000006c   Data           4  port.o(.data)
    .data                                    0x20000070   Section       24  heap_4.o(.data)
    xStart                                   0x20000070   Data           8  heap_4.o(.data)
    pxEnd                                    0x20000078   Data           4  heap_4.o(.data)
    xFreeBytesRemaining                      0x2000007c   Data           4  heap_4.o(.data)
    xMinimumEverFreeBytesRemaining           0x20000080   Data           4  heap_4.o(.data)
    xBlockAllocatedBit                       0x20000084   Data           4  heap_4.o(.data)
    .data                                    0x20000088   Section        4  stdout.o(.data)
    vtable                                   0x20000400   Section      620  interrupt.o(vtable)
    g_pfnRAMVectors                          0x20000400   Data         620  interrupt.o(vtable)
    .bss                                     0x2000066c   Section     1136  main.o(.bss)
    .bss                                     0x20000adc   Section       80  queue.o(.bss)
    .bss                                     0x20000b2c   Section      740  tasks.o(.bss)
    pxReadyTasksLists                        0x20000b2c   Data         640  tasks.o(.bss)
    xDelayedTaskList1                        0x20000dac   Data          20  tasks.o(.bss)
    xDelayedTaskList2                        0x20000dc0   Data          20  tasks.o(.bss)
    xPendingReadyList                        0x20000dd4   Data          20  tasks.o(.bss)
    xTasksWaitingTermination                 0x20000de8   Data          20  tasks.o(.bss)
    xSuspendedTaskList                       0x20000dfc   Data          20  tasks.o(.bss)
    .bss                                     0x20000e10   Section       40  timers.o(.bss)
    xActiveTimerList1                        0x20000e10   Data          20  timers.o(.bss)
    xActiveTimerList2                        0x20000e24   Data          20  timers.o(.bss)
    .bss                                     0x20000e38   Section    30720  heap_4.o(.bss)
    ucHeap                                   0x20000e38   Data       30720  heap_4.o(.bss)
    .bss                                     0x20008638   Section       24  mdp_io.o(.bss)
    STACK                                    0x20008650   Section      256  startup_rvmdk.o(STACK)
    StackMem                                 0x20008650   Data           0  startup_rvmdk.o(STACK)

    Global Symbols

    Symbol Name                              Value     Ov Type        Size  Object(Section)

    BuildAttributes$$THM_ISAv4$E$P$D$K$B$S$7EM$VFPi3$EXTD16$VFPS$VFMA$PE$A:L22UL41UL21$X:L11$S22US41US21$IEEE1$IW$USESV6$~STKCKD$USESV7$~SHL$OTIME$ROPI$IEEEX$EBA8$MICROLIB$REQ8$PRES8$EABIv2 0x00000000   Number         0  anon$$obj.o ABSOLUTE
    __ARM_use_no_argv                        0x00000000   Number         0  main.o ABSOLUTE
    __Vectors                                0x00000000   Data           0  startup_rvmdk.o(RESET)
    _printf_a                                0x00000000   Number         0  stubs.o ABSOLUTE
    _printf_c                                0x00000000   Number         0  stubs.o ABSOLUTE
    _printf_charcount                        0x00000000   Number         0  stubs.o ABSOLUTE
    _printf_d                                0x00000000   Number         0  stubs.o ABSOLUTE
    _printf_e                                0x00000000   Number         0  stubs.o ABSOLUTE
    _printf_f                                0x00000000   Number         0  stubs.o ABSOLUTE
    _printf_flags                            0x00000000   Number         0  stubs.o ABSOLUTE
    _printf_fp_dec                           0x00000000   Number         0  stubs.o ABSOLUTE
    _printf_fp_hex                           0x00000000   Number         0  stubs.o ABSOLUTE
    _printf_g                                0x00000000   Number         0  stubs.o ABSOLUTE
    _printf_i                                0x00000000   Number         0  stubs.o ABSOLUTE
    _printf_int_dec                          0x00000000   Number         0  stubs.o ABSOLUTE
    _printf_l                                0x00000000   Number         0  stubs.o ABSOLUTE
    _printf_lc                               0x00000000   Number         0  stubs.o ABSOLUTE
    _printf_ll                               0x00000000   Number         0  stubs.o ABSOLUTE
    _printf_lld                              0x00000000   Number         0  stubs.o ABSOLUTE
    _printf_lli                              0x00000000   Number         0  stubs.o ABSOLUTE
    _printf_llo                              0x00000000   Number         0  stubs.o ABSOLUTE
    _printf_llu                              0x00000000   Number         0  stubs.o ABSOLUTE
    _printf_llx                              0x00000000   Number         0  stubs.o ABSOLUTE
    _printf_longlong_dec                     0x00000000   Number         0  stubs.o ABSOLUTE
    _printf_longlong_hex                     0x00000000   Number         0  stubs.o ABSOLUTE
    _printf_longlong_oct                     0x00000000   Number         0  stubs.o ABSOLUTE
    _printf_ls                               0x00000000   Number         0  stubs.o ABSOLUTE
    _printf_mbtowc                           0x00000000   Number         0  stubs.o ABSOLUTE
    _printf_n                                0x00000000   Number         0  stubs.o ABSOLUTE
    _printf_o                                0x00000000   Number         0  stubs.o ABSOLUTE
    _printf_p                                0x00000000   Number         0  stubs.o ABSOLUTE
    _printf_percent                          0x00000000   Number         0  stubs.o ABSOLUTE
    _printf_pre_padding                      0x00000000   Number         0  stubs.o ABSOLUTE
    _printf_return_value                     0x00000000   Number         0  stubs.o ABSOLUTE
    _printf_s                                0x00000000   Number         0  stubs.o ABSOLUTE
    _printf_sizespec                         0x00000000   Number         0  stubs.o ABSOLUTE
    _printf_str                              0x00000000   Number         0  stubs.o ABSOLUTE
    _printf_truncate_signed                  0x00000000   Number         0  stubs.o ABSOLUTE
    _printf_truncate_unsigned                0x00000000   Number         0  stubs.o ABSOLUTE
    _printf_u                                0x00000000   Number         0  stubs.o ABSOLUTE
    _printf_wc                               0x00000000   Number         0  stubs.o ABSOLUTE
    _printf_wctomb                           0x00000000   Number         0  stubs.o ABSOLUTE
    _printf_widthprec                        0x00000000   Number         0  stubs.o ABSOLUTE
    _printf_x                                0x00000000   Number         0  stubs.o ABSOLUTE
    __cpp_initialize__aeabi_                  - Undefined Weak Reference
    __cxa_finalize                            - Undefined Weak Reference
    _clock_init                               - Undefined Weak Reference
    _microlib_exit                            - Undefined Weak Reference
    Reset_Handler                            0x0000026d   Thumb Code     0  startup_rvmdk.o(RESET)
    __main                                   0x00000289   Thumb Code     0  entry.o(.ARM.Collect$$$$00000000)
    _main_stk                                0x00000289   Thumb Code     0  entry2.o(.ARM.Collect$$$$00000001)
    _main_scatterload                        0x0000028d   Thumb Code     0  entry5.o(.ARM.Collect$$$$00000004)
    __main_after_scatterload                 0x00000291   Thumb Code     0  entry5.o(.ARM.Collect$$$$00000004)
    _main_clock                              0x00000291   Thumb Code     0  entry7b.o(.ARM.Collect$$$$00000008)
    _main_cpp_init                           0x00000291   Thumb Code     0  entry8b.o(.ARM.Collect$$$$0000000A)
    _main_init                               0x00000291   Thumb Code     0  entry9a.o(.ARM.Collect$$$$0000000B)
    __rt_final_cpp                           0x00000299   Thumb Code     0  entry10a.o(.ARM.Collect$$$$0000000D)
    __rt_final_exit                          0x00000299   Thumb Code     0  entry11a.o(.ARM.Collect$$$$0000000F)
    CPUcpsid                                 0x0000029d   Thumb Code     8  cpu.o(.emb_text)
    CPUprimask                               0x000002a5   Thumb Code     6  cpu.o(.emb_text)
    CPUcpsie                                 0x000002ab   Thumb Code     8  cpu.o(.emb_text)
    CPUwfi                                   0x000002b3   Thumb Code     4  cpu.o(.emb_text)
    CPUbasepriSet                            0x000002b7   Thumb Code     6  cpu.o(.emb_text)
    CPUbasepriGet                            0x000002bd   Thumb Code     6  cpu.o(.emb_text)
    SVC_Handler                              0x000002c5   Thumb Code    28  port.o(.emb_text)
    __asm___6_port_c_39a90d8d__prvStartFirstTask 0x000002e5   Thumb Code    36  port.o(.emb_text)
    __asm___6_port_c_39a90d8d__prvEnableVFP  0x0000030d   Thumb Code    16  port.o(.emb_text)
    PendSV_Handler                           0x00000321   Thumb Code    88  port.o(.emb_text)
    vPortGetIPSR                             0x0000037d   Thumb Code     6  port.o(.emb_text)
    __aeabi_memcpy                           0x00000383   Thumb Code    36  memcpya.o(.text)
    __aeabi_memcpy4                          0x00000383   Thumb Code     0  memcpya.o(.text)
    __aeabi_memcpy8                          0x00000383   Thumb Code     0  memcpya.o(.text)
    __aeabi_memset                           0x000003a7   Thumb Code    14  memseta.o(.text)
    __aeabi_memset4                          0x000003a7   Thumb Code     0  memseta.o(.text)
    __aeabi_memset8                          0x000003a7   Thumb Code     0  memseta.o(.text)
    __aeabi_memclr                           0x000003b5   Thumb Code     4  memseta.o(.text)
    __aeabi_memclr4                          0x000003b5   Thumb Code     0  memseta.o(.text)
    __aeabi_memclr8                          0x000003b5   Thumb Code     0  memseta.o(.text)
    _memset$wrapper                          0x000003b9   Thumb Code    18  memseta.o(.text)
    __aeabi_dadd                             0x000003cb   Thumb Code   322  dadd.o(.text)
    __aeabi_dsub                             0x0000050d   Thumb Code     6  dadd.o(.text)
    __aeabi_drsub                            0x00000513   Thumb Code     6  dadd.o(.text)
    __aeabi_dmul                             0x00000519   Thumb Code   228  dmul.o(.text)
    __aeabi_ddiv                             0x000005fd   Thumb Code   222  ddiv.o(.text)
    __aeabi_f2d                              0x000006db   Thumb Code    38  f2d.o(.text)
    __aeabi_d2f                              0x00000701   Thumb Code    56  d2f.o(.text)
    __aeabi_uidiv                            0x00000739   Thumb Code     0  uidiv.o(.text)
    __aeabi_uidivmod                         0x00000739   Thumb Code    44  uidiv.o(.text)
    __aeabi_uldivmod                         0x00000765   Thumb Code    98  uldiv.o(.text)
    __aeabi_llsl                             0x000007c7   Thumb Code    30  llshl.o(.text)
    _ll_shift_l                              0x000007c7   Thumb Code     0  llshl.o(.text)
    __aeabi_lasr                             0x000007e5   Thumb Code    36  llsshr.o(.text)
    _ll_sshift_r                             0x000007e5   Thumb Code     0  llsshr.o(.text)
    __I$use$fp                               0x00000809   Thumb Code     0  iusefp.o(.text)
    _float_round                             0x00000809   Thumb Code    18  fepilogue.o(.text)
    _float_epilogue                          0x0000081b   Thumb Code    92  fepilogue.o(.text)
    _double_round                            0x00000877   Thumb Code    30  depilogue.o(.text)
    _double_epilogue                         0x00000895   Thumb Code   156  depilogue.o(.text)
    __aeabi_d2ulz                            0x00000931   Thumb Code    48  dfixul.o(.text)
    __aeabi_cdrcmple                         0x00000961   Thumb Code    48  cdrcmple.o(.text)
    __scatterload                            0x00000991   Thumb Code    28  init.o(.text)
    __scatterload_rt2                        0x00000991   Thumb Code     0  init.o(.text)
    __aeabi_llsr                             0x000009b5   Thumb Code    32  llushr.o(.text)
    _ll_ushift_r                             0x000009b5   Thumb Code     0  llushr.o(.text)
    __decompress                             0x000009d5   Thumb Code     0  __dczerorl.o(.text)
    __decompress0                            0x000009d5   Thumb Code    58  __dczerorl.o(.text)
    AdjustCar                                0x00000a0f   Thumb Code    26  freertos.o(i.AdjustCar)
    AdjustMotorAngle                         0x00000a29   Thumb Code   144  motor.o(i.AdjustMotorAngle)
    AdjustMotorVelocity                      0x00000ac9   Thumb Code    66  motor.o(i.AdjustMotorVelocity)
    Car_Adjust                               0x00000b15   Thumb Code    44  4wheel_differential.o(i.Car_Adjust)
    Car_AdjustAngle                          0x00000b45   Thumb Code     2  4wheel_differential.o(i.Car_AdjustAngle)
    Car_AdjustDistance                       0x00000b49   Thumb Code   130  4wheel_differential.o(i.Car_AdjustDistance)
    Car_AdjustVelocity                       0x00000be9   Thumb Code   130  4wheel_differential.o(i.Car_AdjustVelocity)
    Car_DistanceControl                      0x00000c89   Thumb Code    20  4wheel_differential.o(i.Car_DistanceControl)
    Car_SetDistance                          0x00000ca1   Thumb Code    34  4wheel_differential.o(i.Car_SetDistance)
    Car_SetVelocity                          0x00000cc9   Thumb Code    18  4wheel_differential.o(i.Car_SetVelocity)
    Car_VelocityControl                      0x00000ce1   Thumb Code    20  4wheel_differential.o(i.Car_VelocityControl)
    Chk_XOR                                  0x00000cf9   Thumb Code    26  mdp_pkgproc.o(i.Chk_XOR)
    DCMotor_Init                             0x00000d15   Thumb Code   134  motor.o(i.DCMotor_Init)
    EXTI_GPIOG_IRQHandler                    0x00000dad   Thumb Code    94  tm4c129_it.o(i.EXTI_GPIOG_IRQHandler)
    ExamPkgFmt                               0x00000e11   Thumb Code    56  mdp_pkgproc.o(i.ExamPkgFmt)
    FPULazyStackingEnable                    0x00000e49   Thumb Code    14  fpu.o(i.FPULazyStackingEnable)
    GPIODirModeSet                           0x00000e5d   Thumb Code    50  gpio.o(i.GPIODirModeSet)
    GPIOIntClear                             0x00000e8f   Thumb Code     6  gpio.o(i.GPIOIntClear)
    GPIOIntEnable                            0x00000e95   Thumb Code    12  gpio.o(i.GPIOIntEnable)
    GPIOIntRegister                          0x00000ea1   Thumb Code    30  gpio.o(i.GPIOIntRegister)
    GPIOIntStatus                            0x00000ebf   Thumb Code    16  gpio.o(i.GPIOIntStatus)
    GPIOIntTypeSet                           0x00000ecf   Thumb Code   102  gpio.o(i.GPIOIntTypeSet)
    GPIOPadConfigSet                         0x00000f35   Thumb Code   384  gpio.o(i.GPIOPadConfigSet)
    GPIOPinConfigure                         0x000010c1   Thumb Code    70  gpio.o(i.GPIOPinConfigure)
    GPIOPinRead                              0x00001111   Thumb Code    12  gpio.o(i.GPIOPinRead)
    GPIOPinTypeGPIOInput                     0x0000111d   Thumb Code    30  gpio.o(i.GPIOPinTypeGPIOInput)
    GPIOPinTypeGPIOOutput                    0x0000113b   Thumb Code    30  gpio.o(i.GPIOPinTypeGPIOOutput)
    GPIOPinTypeI2C                           0x00001159   Thumb Code    30  gpio.o(i.GPIOPinTypeI2C)
    GPIOPinTypeI2CSCL                        0x00001177   Thumb Code    30  gpio.o(i.GPIOPinTypeI2CSCL)
    GPIOPinTypePWM                           0x00001195   Thumb Code    30  gpio.o(i.GPIOPinTypePWM)
    GPIOPinTypeUART                          0x000011b3   Thumb Code    30  gpio.o(i.GPIOPinTypeUART)
    GPIOPinWrite                             0x000011d1   Thumb Code    10  gpio.o(i.GPIOPinWrite)
    I2CMasterEnable                          0x000011db   Thumb Code    10  i2c.o(i.I2CMasterEnable)
    I2CMasterGlitchFilterConfigSet           0x000011e5   Thumb Code    52  i2c.o(i.I2CMasterGlitchFilterConfigSet)
    I2CMasterInitExpClk                      0x00001229   Thumb Code    78  i2c.o(i.I2CMasterInitExpClk)
    IntEnable                                0x00001285   Thumb Code   108  interrupt.o(i.IntEnable)
    IntMasterEnable                          0x000012f9   Thumb Code    16  interrupt.o(i.IntMasterEnable)
    IntPriorityGroupingSet                   0x00001309   Thumb Code    16  interrupt.o(i.IntPriorityGroupingSet)
    IntPrioritySet                           0x00001325   Thumb Code    46  interrupt.o(i.IntPrioritySet)
    IntRegister                              0x00001359   Thumb Code    52  interrupt.o(i.IntRegister)
    Jetson_PackageProcess                    0x00001395   Thumb Code    72  main.o(i.Jetson_PackageProcess)
    Jetsonio_Process                         0x000013e1   Thumb Code    22  freertos.o(i.Jetsonio_Process)
    KeyDetect                                0x000013fd   Thumb Code    48  freertos.o(i.KeyDetect)
    LEDBlink                                 0x00001431   Thumb Code    40  freertos.o(i.LEDBlink)
    LFEA_Process                             0x0000145d   Thumb Code    76  tm4c129_it.o(i.LFEA_Process)
    LFEB_Process                             0x000014b1   Thumb Code    76  tm4c129_it.o(i.LFEB_Process)
    LREA_Process                             0x00001505   Thumb Code    76  tm4c129_it.o(i.LREA_Process)
    LREB_Process                             0x00001559   Thumb Code    76  tm4c129_it.o(i.LREB_Process)
    MotorAngleControl                        0x000015ad   Thumb Code    88  motor.o(i.MotorAngleControl)
    MotorVelocityControl                     0x0000160d   Thumb Code   136  motor.o(i.MotorVelocityControl)
    PID_Init                                 0x000016a5   Thumb Code    62  motor.o(i.PID_Init)
    PID_Update                               0x000016e9   Thumb Code   102  motor.o(i.PID_Update)
    PWMGenConfigure                          0x00001751   Thumb Code    42  pwm.o(i.PWMGenConfigure)
    PWMGenEnable                             0x00001781   Thumb Code    10  pwm.o(i.PWMGenEnable)
    PWMGenPeriodSet                          0x0000178b   Thumb Code    22  pwm.o(i.PWMGenPeriodSet)
    PWMOutputState                           0x000017a1   Thumb Code    20  pwm.o(i.PWMOutputState)
    PWMPulseWidthSet                         0x000017b5   Thumb Code    38  pwm.o(i.PWMPulseWidthSet)
    RFEA_Process                             0x000017dd   Thumb Code    76  tm4c129_it.o(i.RFEA_Process)
    RFEB_Process                             0x00001831   Thumb Code    76  tm4c129_it.o(i.RFEB_Process)
    RREA_Process                             0x00001885   Thumb Code    74  tm4c129_it.o(i.RREA_Process)
    RREB_Process                             0x000018d9   Thumb Code    74  tm4c129_it.o(i.RREB_Process)
    SetMotorAngle                            0x0000192d   Thumb Code    12  motor.o(i.SetMotorAngle)
    SetMotorPWM                              0x00001939   Thumb Code    76  motor.o(i.SetMotorPWM)
    SetMotorRotateBackward                   0x00001985   Thumb Code    34  motor.o(i.SetMotorRotateBackward)
    SetMotorRotateForward                    0x000019a7   Thumb Code    34  motor.o(i.SetMotorRotateForward)
    SetMotorVelocity                         0x000019c9   Thumb Code    60  motor.o(i.SetMotorVelocity)
    StopMotor                                0x00001a0d   Thumb Code    38  motor.o(i.StopMotor)
    SysCtlClockFreqSet                       0x00001a35   Thumb Code   664  sysctl.o(i.SysCtlClockFreqSet)
    SysCtlPWMClockSet                        0x00001cf9   Thumb Code    16  sysctl.o(i.SysCtlPWMClockSet)
    SysCtlPeripheralDisable                  0x00001d0d   Thumb Code    46  sysctl.o(i.SysCtlPeripheralDisable)
    SysCtlPeripheralEnable                   0x00001d41   Thumb Code    46  sysctl.o(i.SysCtlPeripheralEnable)
    SysCtlPeripheralReset                    0x00001d75   Thumb Code   106  sysctl.o(i.SysCtlPeripheralReset)
    SysTick_Handler                          0x00001de5   Thumb Code    46  port.o(i.SysTick_Handler)
    TV_FREERTOS_Init                         0x00001e19   Thumb Code    98  freertos.o(i.TV_FREERTOS_Init)
    TV_GPIO_Init                             0x00001ee5   Thumb Code   478  tv_gpio.o(i.TV_GPIO_Init)
    TV_I2C_Init                              0x000020e5   Thumb Code    84  tv_i2c.o(i.TV_I2C_Init)
    TV_PWM_Init                              0x0000214d   Thumb Code   220  tv_pwm.o(i.TV_PWM_Init)
    TV_UART_Init                             0x0000224d   Thumb Code   168  tv_uart.o(i.TV_UART_Init)
    UART2_IRQHandler                         0x00002319   Thumb Code    60  tm4c129_it.o(i.UART2_IRQHandler)
    UART4_IRQHandler                         0x0000235d   Thumb Code    82  tm4c129_it.o(i.UART4_IRQHandler)
    UARTCharGet                              0x000023b5   Thumb Code    18  uart.o(i.UARTCharGet)
    UARTCharGetNonBlocking                   0x000023c7   Thumb Code    20  uart.o(i.UARTCharGetNonBlocking)
    UARTCharPut                              0x000023db   Thumb Code    16  uart.o(i.UARTCharPut)
    UARTCharsAvail                           0x000023eb   Thumb Code    12  uart.o(i.UARTCharsAvail)
    UARTConfigSetExpClk                      0x000023f7   Thumb Code    76  uart.o(i.UARTConfigSetExpClk)
    UARTDisable                              0x00002443   Thumb Code    32  uart.o(i.UARTDisable)
    UARTEnable                               0x00002463   Thumb Code    20  uart.o(i.UARTEnable)
    UARTFIFODisable                          0x00002477   Thumb Code    10  uart.o(i.UARTFIFODisable)
    UARTFIFOLevelSet                         0x00002481   Thumb Code     8  uart.o(i.UARTFIFOLevelSet)
    UARTIntClear                             0x00002489   Thumb Code     4  uart.o(i.UARTIntClear)
    UARTIntEnable                            0x0000248d   Thumb Code     8  uart.o(i.UARTIntEnable)
    UARTIntRegister                          0x00002495   Thumb Code    30  uart.o(i.UARTIntRegister)
    UARTIntStatus                            0x000024b3   Thumb Code    12  uart.o(i.UARTIntStatus)
    UARTRxErrorClear                         0x000024bf   Thumb Code     6  uart.o(i.UARTRxErrorClear)
    UARTRxErrorGet                           0x000024c5   Thumb Code    10  uart.o(i.UARTRxErrorGet)
    UART_Transmit                            0x000024cf   Thumb Code    30  tv_uart.o(i.UART_Transmit)
    __0printf                                0x00002611   Thumb Code    22  printfa.o(i.__0printf)
    __1printf                                0x00002611   Thumb Code     0  printfa.o(i.__0printf)
    __2printf                                0x00002611   Thumb Code     0  printfa.o(i.__0printf)
    __c89printf                              0x00002611   Thumb Code     0  printfa.o(i.__0printf)
    printf                                   0x00002611   Thumb Code     0  printfa.o(i.__0printf)
    __ARM_fpclassify                         0x00002631   Thumb Code    48  fpclassify.o(i.__ARM_fpclassify)
    __hardfp_atan                            0x00002661   Thumb Code   622  atan.o(i.__hardfp_atan)
    __kernel_poly                            0x00002939   Thumb Code   248  poly.o(i.__kernel_poly)
    __mathlib_dbl_infnan                     0x00002a31   Thumb Code    20  dunder.o(i.__mathlib_dbl_infnan)
    __mathlib_dbl_underflow                  0x00002a49   Thumb Code    24  dunder.o(i.__mathlib_dbl_underflow)
    __scatterload_copy                       0x00002a69   Thumb Code    14  handlers.o(i.__scatterload_copy)
    __scatterload_null                       0x00002a77   Thumb Code     2  handlers.o(i.__scatterload_null)
    __scatterload_zeroinit                   0x00002a79   Thumb Code    14  handlers.o(i.__scatterload_zeroinit)
    _io_ActivatedBufEmpty                    0x00002c0d   Thumb Code    22  mdp_io.o(i._io_ActivatedBufEmpty)
    _io_GetByte                              0x00002c23   Thumb Code    52  mdp_io.o(i._io_GetByte)
    _io_GetLine                              0x00002c57   Thumb Code   116  mdp_io.o(i._io_GetLine)
    _io_GetRawData                           0x00002ccd   Thumb Code   672  mdp_pkgproc.o(i._io_GetRawData)
    _io_InputBufAdvancePointer               0x00002f79   Thumb Code    42  mdp_io.o(i._io_InputBufAdvancePointer)
    _io_InputBufEmpty                        0x00002fa3   Thumb Code    24  mdp_io.o(i._io_InputBufEmpty)
    _io_InputBufGetSize                      0x00002fbb   Thumb Code    38  mdp_io.o(i._io_InputBufGetSize)
    _io_InputBufRemove                       0x00002fe1   Thumb Code    32  mdp_io.o(i._io_InputBufRemove)
    _io_InputBufRemoveByte                   0x00003001   Thumb Code    26  mdp_io.o(i._io_InputBufRemoveByte)
    _io_InputBufRetreatPointer               0x0000301b   Thumb Code    24  mdp_io.o(i._io_InputBufRetreatPointer)
    _io_InputBufWrite                        0x00003033   Thumb Code    58  mdp_io.o(i._io_InputBufWrite)
    _io_InputBufWriteByte                    0x0000306d   Thumb Code    20  mdp_io.o(i._io_InputBufWriteByte)
    _io_InputProcess                         0x00003081   Thumb Code    98  mdp_io.o(i._io_InputProcess)
    _io_OutputProcess                        0x000030e3   Thumb Code    80  mdp_io.o(i._io_OutputProcess)
    _io_PackageProcess                       0x00003135   Thumb Code    52  mdp_pkgproc.o(i._io_PackageProcess)
    _io_Transmit                             0x0000316d   Thumb Code    28  mdp_io.o(i._io_Transmit)
    fabs                                     0x000038b7   Thumb Code    24  fabs.o(i.fabs)
    fputc                                    0x000038d1   Thumb Code    18  main.o(i.fputc)
    io_GetData                               0x000038e9   Thumb Code    56  mdp_io.o(i.io_GetData)
    io_Init                                  0x00003921   Thumb Code   182  mdp_io.o(i.io_Init)
    io_PackageMode                           0x000039dd   Thumb Code    50  mdp_pkgproc.o(i.io_PackageMode)
    io_SetPkgParseFmt                        0x00003a15   Thumb Code    30  mdp_pkgproc.o(i.io_SetPkgParseFmt)
    main                                     0x00003a71   Thumb Code   218  main.o(i.main)
    pvPortMalloc                             0x0000455d   Thumb Code   306  heap_4.o(i.pvPortMalloc)
    pxPortInitialiseStack                    0x000046a5   Thumb Code    38  port.o(i.pxPortInitialiseStack)
    uxListRemove                             0x000046d1   Thumb Code    40  list.o(i.uxListRemove)
    vApplicationMallocFailedHook             0x000046f9   Thumb Code    12  freertos.o(i.vApplicationMallocFailedHook)
    vApplicationStackOverflowHook            0x00004709   Thumb Code    16  freertos.o(i.vApplicationStackOverflowHook)
    vListInitialise                          0x0000471d   Thumb Code    26  list.o(i.vListInitialise)
    vListInitialiseItem                      0x00004737   Thumb Code     6  list.o(i.vListInitialiseItem)
    vListInsert                              0x0000473d   Thumb Code    52  list.o(i.vListInsert)
    vListInsertEnd                           0x00004771   Thumb Code    24  list.o(i.vListInsertEnd)
    vPortEnterCritical                       0x00004789   Thumb Code    76  port.o(i.vPortEnterCritical)
    vPortExitCritical                        0x000047dd   Thumb Code    56  port.o(i.vPortExitCritical)
    vPortFree                                0x00004819   Thumb Code   140  heap_4.o(i.vPortFree)
    vPortSetupTimerInterrupt                 0x000048ad   Thumb Code    20  port.o(i.vPortSetupTimerInterrupt)
    vPortValidateInterruptPriority           0x000048c5   Thumb Code   106  port.o(i.vPortValidateInterruptPriority)
    vQueueAddToRegistry                      0x0000493d   Thumb Code    38  queue.o(i.vQueueAddToRegistry)
    vQueueWaitForMessageRestricted           0x00004969   Thumb Code    74  queue.o(i.vQueueWaitForMessageRestricted)
    vTaskDelay                               0x000049b5   Thumb Code    82  tasks.o(i.vTaskDelay)
    vTaskDelayUntil                          0x00004a11   Thumb Code   200  tasks.o(i.vTaskDelayUntil)
    vTaskInternalSetTimeOutState             0x00004ae5   Thumb Code    14  tasks.o(i.vTaskInternalSetTimeOutState)
    vTaskMissedYield                         0x00004afd   Thumb Code     8  tasks.o(i.vTaskMissedYield)
    vTaskPlaceOnEventList                    0x00004b09   Thumb Code    52  tasks.o(i.vTaskPlaceOnEventList)
    vTaskPlaceOnEventListRestricted          0x00004b41   Thumb Code    60  tasks.o(i.vTaskPlaceOnEventListRestricted)
    vTaskStartScheduler                      0x00004b81   Thumb Code   118  tasks.o(i.vTaskStartScheduler)
    vTaskSuspendAll                          0x00004c15   Thumb Code    12  tasks.o(i.vTaskSuspendAll)
    vTaskSwitchContext                       0x00004c25   Thumb Code   152  tasks.o(i.vTaskSwitchContext)
    xPortStartScheduler                      0x00004cd1   Thumb Code   330  port.o(i.xPortStartScheduler)
    xQueueGenericCreate                      0x00004e39   Thumb Code    88  queue.o(i.xQueueGenericCreate)
    xQueueGenericReset                       0x00004e91   Thumb Code   146  queue.o(i.xQueueGenericReset)
    xQueueGenericSend                        0x00004f29   Thumb Code   452  queue.o(i.xQueueGenericSend)
    xQueueGenericSendFromISR                 0x000050f1   Thumb Code   264  queue.o(i.xQueueGenericSendFromISR)
    xQueueReceive                            0x000051f9   Thumb Code   356  queue.o(i.xQueueReceive)
    xTaskCheckForTimeOut                     0x00005361   Thumb Code   132  tasks.o(i.xTaskCheckForTimeOut)
    xTaskCreate                              0x000053ed   Thumb Code    96  tasks.o(i.xTaskCreate)
    xTaskGetSchedulerState                   0x0000544d   Thumb Code    24  tasks.o(i.xTaskGetSchedulerState)
    xTaskGetTickCount                        0x0000546d   Thumb Code     6  tasks.o(i.xTaskGetTickCount)
    xTaskIncrementTick                       0x00005479   Thumb Code   280  tasks.o(i.xTaskIncrementTick)
    xTaskRemoveFromEventList                 0x000055bd   Thumb Code   126  tasks.o(i.xTaskRemoveFromEventList)
    xTaskResumeAll                           0x00005655   Thumb Code   222  tasks.o(i.xTaskResumeAll)
    xTimerCreateTimerTask                    0x00005759   Thumb Code    66  timers.o(i.xTimerCreateTimerTask)
    xTimerGenericCommand                     0x000057b1   Thumb Code   126  timers.o(i.xTimerGenericCommand)
    JetsonPkgHead                            0x00005834   Data           2  main.o(.constdata)
    JetsonPkgFmt                             0x00005838   Data          28  main.o(.constdata)
    DefaultPkgHead                           0x00005e5c   Data           2  mdp_pkgproc.o(.constdata)
    DefaultPkgFmt                            0x00005e60   Data          28  mdp_pkgproc.o(.constdata)
    Region$$Table$$Base                      0x00006004   Number         0  anon$$obj.o(Region$$Table)
    Region$$Table$$Limit                     0x00006024   Number         0  anon$$obj.o(Region$$Table)
    Task_AdjustCar                           0x20000000   Data           4  freertos.o(.data)
    TaskHandle_KeyDetect                     0x20000004   Data           4  freertos.o(.data)
    TaskHandle_LEDBlink                      0x20000008   Data           4  freertos.o(.data)
    TaskHandle_K210ioProcess                 0x2000000c   Data           4  freertos.o(.data)
    TimerHandle_UpdateIMU                    0x20000010   Data           4  freertos.o(.data)
    pxCurrentTCB                             0x20000014   Data           4  tasks.o(.data)
    __stdout                                 0x20000088   Data           4  stdout.o(.data)
    LeftFrontMotor                           0x2000066c   Data         128  main.o(.bss)
    LeftRearMotor                            0x200006ec   Data         128  main.o(.bss)
    RightFrontMotor                          0x2000076c   Data         128  main.o(.bss)
    RightRearMotor                           0x200007ec   Data         128  main.o(.bss)
    Car                                      0x2000086c   Data         148  main.o(.bss)
    Jetsonio_OutputBuf1                      0x20000900   Data          64  main.o(.bss)
    Jetsonio_OutputBuf2                      0x20000940   Data          64  main.o(.bss)
    Jetsonio_InputBuf                        0x20000980   Data         256  main.o(.bss)
    JetsonPackageContainer                   0x20000a80   Data          16  main.o(.bss)
    Jetsonio                                 0x20000a90   Data          76  main.o(.bss)
    xQueueRegistry                           0x20000adc   Data          80  queue.o(.bss)
    _iob                                     0x20008638   Data          24  mdp_io.o(.bss)
    __initial_sp                             0x20008750   Data           0  startup_rvmdk.o(STACK)



==============================================================================

Memory Map of the image

  Image Entry point : 0x00000289

  Load Region LR_IROM1 (Base: 0x00000000, Size: 0x00006690, Max: 0x00100000, ABSOLUTE, COMPRESSED[0x00006038])

    Execution Region ER_IROM1 (Exec base: 0x00000000, Load base: 0x00000000, Size: 0x00006024, Max: 0x00100000, ABSOLUTE)

    Exec Addr    Load Addr    Size         Type   Attr      Idx    E Section Name        Object

    0x00000000   0x00000000   0x00000288   Code   RO         6472    RESET               startup_rvmdk.o
    0x00000288   0x00000288   0x00000000   Code   RO         7925  * .ARM.Collect$$$$00000000  mc_w.l(entry.o)
    0x00000288   0x00000288   0x00000004   Code   RO         8252    .ARM.Collect$$$$00000001  mc_w.l(entry2.o)
    0x0000028c   0x0000028c   0x00000004   Code   RO         8255    .ARM.Collect$$$$00000004  mc_w.l(entry5.o)
    0x00000290   0x00000290   0x00000000   Code   RO         8257    .ARM.Collect$$$$00000008  mc_w.l(entry7b.o)
    0x00000290   0x00000290   0x00000000   Code   RO         8259    .ARM.Collect$$$$0000000A  mc_w.l(entry8b.o)
    0x00000290   0x00000290   0x00000008   Code   RO         8260    .ARM.Collect$$$$0000000B  mc_w.l(entry9a.o)
    0x00000298   0x00000298   0x00000000   Code   RO         8262    .ARM.Collect$$$$0000000D  mc_w.l(entry10a.o)
    0x00000298   0x00000298   0x00000000   Code   RO         8264    .ARM.Collect$$$$0000000F  mc_w.l(entry11a.o)
    0x00000298   0x00000298   0x00000004   Code   RO         8253    .ARM.Collect$$$$00002712  mc_w.l(entry2.o)
    0x0000029c   0x0000029c   0x00000026   Code   RO         2782    .emb_text           cpu.o
    0x000002c2   0x000002c2   0x00000002   PAD
    0x000002c4   0x000002c4   0x000000be   Code   RO         7253    .emb_text           port.o
    0x00000382   0x00000382   0x00000024   Code   RO         7928    .text               mc_w.l(memcpya.o)
    0x000003a6   0x000003a6   0x00000024   Code   RO         7930    .text               mc_w.l(memseta.o)
    0x000003ca   0x000003ca   0x0000014e   Code   RO         8197    .text               mf_w.l(dadd.o)
    0x00000518   0x00000518   0x000000e4   Code   RO         8199    .text               mf_w.l(dmul.o)
    0x000005fc   0x000005fc   0x000000de   Code   RO         8201    .text               mf_w.l(ddiv.o)
    0x000006da   0x000006da   0x00000026   Code   RO         8205    .text               mf_w.l(f2d.o)
    0x00000700   0x00000700   0x00000038   Code   RO         8207    .text               mf_w.l(d2f.o)
    0x00000738   0x00000738   0x0000002c   Code   RO         8267    .text               mc_w.l(uidiv.o)
    0x00000764   0x00000764   0x00000062   Code   RO         8269    .text               mc_w.l(uldiv.o)
    0x000007c6   0x000007c6   0x0000001e   Code   RO         8271    .text               mc_w.l(llshl.o)
    0x000007e4   0x000007e4   0x00000024   Code   RO         8273    .text               mc_w.l(llsshr.o)
    0x00000808   0x00000808   0x00000000   Code   RO         8282    .text               mc_w.l(iusefp.o)
    0x00000808   0x00000808   0x0000006e   Code   RO         8283    .text               mf_w.l(fepilogue.o)
    0x00000876   0x00000876   0x000000ba   Code   RO         8285    .text               mf_w.l(depilogue.o)
    0x00000930   0x00000930   0x00000030   Code   RO         8289    .text               mf_w.l(dfixul.o)
    0x00000960   0x00000960   0x00000030   Code   RO         8291    .text               mf_w.l(cdrcmple.o)
    0x00000990   0x00000990   0x00000024   Code   RO         8293    .text               mc_w.l(init.o)
    0x000009b4   0x000009b4   0x00000020   Code   RO         8295    .text               mc_w.l(llushr.o)
    0x000009d4   0x000009d4   0x0000003a   Code   RO         8305    .text               mc_w.l(__dczerorl.o)
    0x00000a0e   0x00000a0e   0x0000001a   Code   RO          347    i.AdjustCar         freertos.o
    0x00000a28   0x00000a28   0x000000a0   Code   RO         7380    i.AdjustMotorAngle  motor.o
    0x00000ac8   0x00000ac8   0x0000004c   Code   RO         7381    i.AdjustMotorVelocity  motor.o
    0x00000b14   0x00000b14   0x00000030   Code   RO         7473    i.Car_Adjust        4wheel_differential.o
    0x00000b44   0x00000b44   0x00000002   Code   RO         7474    i.Car_AdjustAngle   4wheel_differential.o
    0x00000b46   0x00000b46   0x00000002   PAD
    0x00000b48   0x00000b48   0x000000a0   Code   RO         7475    i.Car_AdjustDistance  4wheel_differential.o
    0x00000be8   0x00000be8   0x000000a0   Code   RO         7476    i.Car_AdjustVelocity  4wheel_differential.o
    0x00000c88   0x00000c88   0x00000018   Code   RO         7478    i.Car_DistanceControl  4wheel_differential.o
    0x00000ca0   0x00000ca0   0x00000028   Code   RO         7480    i.Car_SetDistance   4wheel_differential.o
    0x00000cc8   0x00000cc8   0x00000018   Code   RO         7481    i.Car_SetVelocity   4wheel_differential.o
    0x00000ce0   0x00000ce0   0x00000018   Code   RO         7482    i.Car_VelocityControl  4wheel_differential.o
    0x00000cf8   0x00000cf8   0x0000001a   Code   RO         7772    i.Chk_XOR           mdp_pkgproc.o
    0x00000d12   0x00000d12   0x00000002   PAD
    0x00000d14   0x00000d14   0x00000098   Code   RO         7382    i.DCMotor_Init      motor.o
    0x00000dac   0x00000dac   0x00000064   Code   RO          146    i.EXTI_GPIOG_IRQHandler  tm4c129_it.o
    0x00000e10   0x00000e10   0x00000038   Code   RO         7773    i.ExamPkgFmt        mdp_pkgproc.o
    0x00000e48   0x00000e48   0x00000014   Code   RO         3963    i.FPULazyStackingEnable  fpu.o
    0x00000e5c   0x00000e5c   0x00000032   Code   RO          743    i.GPIODirModeSet    gpio.o
    0x00000e8e   0x00000e8e   0x00000006   Code   RO          744    i.GPIOIntClear      gpio.o
    0x00000e94   0x00000e94   0x0000000c   Code   RO          746    i.GPIOIntEnable     gpio.o
    0x00000ea0   0x00000ea0   0x0000001e   Code   RO          747    i.GPIOIntRegister   gpio.o
    0x00000ebe   0x00000ebe   0x00000010   Code   RO          749    i.GPIOIntStatus     gpio.o
    0x00000ece   0x00000ece   0x00000066   Code   RO          751    i.GPIOIntTypeSet    gpio.o
    0x00000f34   0x00000f34   0x0000018c   Code   RO          755    i.GPIOPadConfigSet  gpio.o
    0x000010c0   0x000010c0   0x00000050   Code   RO          756    i.GPIOPinConfigure  gpio.o
    0x00001110   0x00001110   0x0000000c   Code   RO          757    i.GPIOPinRead       gpio.o
    0x0000111c   0x0000111c   0x0000001e   Code   RO          766    i.GPIOPinTypeGPIOInput  gpio.o
    0x0000113a   0x0000113a   0x0000001e   Code   RO          767    i.GPIOPinTypeGPIOOutput  gpio.o
    0x00001158   0x00001158   0x0000001e   Code   RO          770    i.GPIOPinTypeI2C    gpio.o
    0x00001176   0x00001176   0x0000001e   Code   RO          771    i.GPIOPinTypeI2CSCL  gpio.o
    0x00001194   0x00001194   0x0000001e   Code   RO          774    i.GPIOPinTypePWM    gpio.o
    0x000011b2   0x000011b2   0x0000001e   Code   RO          779    i.GPIOPinTypeUART   gpio.o
    0x000011d0   0x000011d0   0x0000000a   Code   RO          785    i.GPIOPinWrite      gpio.o
    0x000011da   0x000011da   0x0000000a   Code   RO         1067    i.I2CMasterEnable   i2c.o
    0x000011e4   0x000011e4   0x00000044   Code   RO         1069    i.I2CMasterGlitchFilterConfigSet  i2c.o
    0x00001228   0x00001228   0x0000005c   Code   RO         1070    i.I2CMasterInitExpClk  i2c.o
    0x00001284   0x00001284   0x00000074   Code   RO         1395    i.IntEnable         interrupt.o
    0x000012f8   0x000012f8   0x00000010   Code   RO         1398    i.IntMasterEnable   interrupt.o
    0x00001308   0x00001308   0x0000001c   Code   RO         1403    i.IntPriorityGroupingSet  interrupt.o
    0x00001324   0x00001324   0x00000034   Code   RO         1406    i.IntPrioritySet    interrupt.o
    0x00001358   0x00001358   0x0000003c   Code   RO         1407    i.IntRegister       interrupt.o
    0x00001394   0x00001394   0x0000004c   Code   RO            1    i.Jetson_PackageProcess  main.o
    0x000013e0   0x000013e0   0x0000001c   Code   RO          348    i.Jetsonio_Process  freertos.o
    0x000013fc   0x000013fc   0x00000034   Code   RO          349    i.KeyDetect         freertos.o
    0x00001430   0x00001430   0x0000002c   Code   RO          350    i.LEDBlink          freertos.o
    0x0000145c   0x0000145c   0x00000054   Code   RO          147    i.LFEA_Process      tm4c129_it.o
    0x000014b0   0x000014b0   0x00000054   Code   RO          148    i.LFEB_Process      tm4c129_it.o
    0x00001504   0x00001504   0x00000054   Code   RO          149    i.LREA_Process      tm4c129_it.o
    0x00001558   0x00001558   0x00000054   Code   RO          150    i.LREB_Process      tm4c129_it.o
    0x000015ac   0x000015ac   0x00000060   Code   RO         7383    i.MotorAngleControl  motor.o
    0x0000160c   0x0000160c   0x00000098   Code   RO         7384    i.MotorVelocityControl  motor.o
    0x000016a4   0x000016a4   0x00000044   Code   RO         7385    i.PID_Init          motor.o
    0x000016e8   0x000016e8   0x00000066   Code   RO         7386    i.PID_Update        motor.o
    0x0000174e   0x0000174e   0x00000002   PAD
    0x00001750   0x00001750   0x00000030   Code   RO         1518    i.PWMGenConfigure   pwm.o
    0x00001780   0x00001780   0x0000000a   Code   RO         1520    i.PWMGenEnable      pwm.o
    0x0000178a   0x0000178a   0x00000016   Code   RO         1533    i.PWMGenPeriodSet   pwm.o
    0x000017a0   0x000017a0   0x00000014   Code   RO         1540    i.PWMOutputState    pwm.o
    0x000017b4   0x000017b4   0x00000026   Code   RO         1543    i.PWMPulseWidthSet  pwm.o
    0x000017da   0x000017da   0x00000002   PAD
    0x000017dc   0x000017dc   0x00000054   Code   RO          151    i.RFEA_Process      tm4c129_it.o
    0x00001830   0x00001830   0x00000054   Code   RO          152    i.RFEB_Process      tm4c129_it.o
    0x00001884   0x00001884   0x00000054   Code   RO          153    i.RREA_Process      tm4c129_it.o
    0x000018d8   0x000018d8   0x00000054   Code   RO          154    i.RREB_Process      tm4c129_it.o
    0x0000192c   0x0000192c   0x0000000c   Code   RO         7387    i.SetMotorAngle     motor.o
    0x00001938   0x00001938   0x0000004c   Code   RO         7388    i.SetMotorPWM       motor.o
    0x00001984   0x00001984   0x00000022   Code   RO         7389    i.SetMotorRotateBackward  motor.o
    0x000019a6   0x000019a6   0x00000022   Code   RO         7390    i.SetMotorRotateForward  motor.o
    0x000019c8   0x000019c8   0x00000044   Code   RO         7391    i.SetMotorVelocity  motor.o
    0x00001a0c   0x00001a0c   0x00000026   Code   RO         7392    i.StopMotor         motor.o
    0x00001a32   0x00001a32   0x00000002   PAD
    0x00001a34   0x00001a34   0x000002c4   Code   RO         2051    i.SysCtlClockFreqSet  sysctl.o
    0x00001cf8   0x00001cf8   0x00000014   Code   RO         2078    i.SysCtlPWMClockSet  sysctl.o
    0x00001d0c   0x00001d0c   0x00000034   Code   RO         2082    i.SysCtlPeripheralDisable  sysctl.o
    0x00001d40   0x00001d40   0x00000034   Code   RO         2083    i.SysCtlPeripheralEnable  sysctl.o
    0x00001d74   0x00001d74   0x00000070   Code   RO         2088    i.SysCtlPeripheralReset  sysctl.o
    0x00001de4   0x00001de4   0x00000034   Code   RO         7254    i.SysTick_Handler   port.o
    0x00001e18   0x00001e18   0x000000cc   Code   RO          351    i.TV_FREERTOS_Init  freertos.o
    0x00001ee4   0x00001ee4   0x00000200   Code   RO          251    i.TV_GPIO_Init      tv_gpio.o
    0x000020e4   0x000020e4   0x00000068   Code   RO          277    i.TV_I2C_Init       tv_i2c.o
    0x0000214c   0x0000214c   0x00000100   Code   RO          335    i.TV_PWM_Init       tv_pwm.o
    0x0000224c   0x0000224c   0x000000cc   Code   RO          317    i.TV_UART_Init      tv_uart.o
    0x00002318   0x00002318   0x00000044   Code   RO          157    i.UART2_IRQHandler  tm4c129_it.o
    0x0000235c   0x0000235c   0x00000058   Code   RO          159    i.UART4_IRQHandler  tm4c129_it.o
    0x000023b4   0x000023b4   0x00000012   Code   RO         1754    i.UARTCharGet       uart.o
    0x000023c6   0x000023c6   0x00000014   Code   RO         1755    i.UARTCharGetNonBlocking  uart.o
    0x000023da   0x000023da   0x00000010   Code   RO         1756    i.UARTCharPut       uart.o
    0x000023ea   0x000023ea   0x0000000c   Code   RO         1758    i.UARTCharsAvail    uart.o
    0x000023f6   0x000023f6   0x0000004c   Code   RO         1762    i.UARTConfigSetExpClk  uart.o
    0x00002442   0x00002442   0x00000020   Code   RO         1765    i.UARTDisable       uart.o
    0x00002462   0x00002462   0x00000014   Code   RO         1767    i.UARTEnable        uart.o
    0x00002476   0x00002476   0x0000000a   Code   RO         1769    i.UARTFIFODisable   uart.o
    0x00002480   0x00002480   0x00000008   Code   RO         1772    i.UARTFIFOLevelSet  uart.o
    0x00002488   0x00002488   0x00000004   Code   RO         1775    i.UARTIntClear      uart.o
    0x0000248c   0x0000248c   0x00000008   Code   RO         1777    i.UARTIntEnable     uart.o
    0x00002494   0x00002494   0x0000001e   Code   RO         1778    i.UARTIntRegister   uart.o
    0x000024b2   0x000024b2   0x0000000c   Code   RO         1779    i.UARTIntStatus     uart.o
    0x000024be   0x000024be   0x00000006   Code   RO         1788    i.UARTRxErrorClear  uart.o
    0x000024c4   0x000024c4   0x0000000a   Code   RO         1789    i.UARTRxErrorGet    uart.o
    0x000024ce   0x000024ce   0x0000001e   Code   RO          318    i.UART_Transmit     tv_uart.o
    0x000024ec   0x000024ec   0x0000004c   Code   RO          787    i._GPIOIntNumberGet  gpio.o
    0x00002538   0x00002538   0x00000064   Code   RO         2105    i._SysCtlFrequencyGet  sysctl.o
    0x0000259c   0x0000259c   0x00000028   Code   RO         2106    i._SysCtlMemTimingGet  sysctl.o
    0x000025c4   0x000025c4   0x0000004c   Code   RO         1795    i._UARTIntNumberGet  uart.o
    0x00002610   0x00002610   0x00000020   Code   RO         8169    i.__0printf         mc_w.l(printfa.o)
    0x00002630   0x00002630   0x00000030   Code   RO         8229    i.__ARM_fpclassify  m_wm.l(fpclassify.o)
    0x00002660   0x00002660   0x000002d8   Code   RO         7887    i.__hardfp_atan     m_wm.l(atan.o)
    0x00002938   0x00002938   0x000000f8   Code   RO         8247    i.__kernel_poly     m_wm.l(poly.o)
    0x00002a30   0x00002a30   0x00000014   Code   RO         8210    i.__mathlib_dbl_infnan  m_wm.l(dunder.o)
    0x00002a44   0x00002a44   0x00000004   PAD
    0x00002a48   0x00002a48   0x00000020   Code   RO         8215    i.__mathlib_dbl_underflow  m_wm.l(dunder.o)
    0x00002a68   0x00002a68   0x0000000e   Code   RO         8299    i.__scatterload_copy  mc_w.l(handlers.o)
    0x00002a76   0x00002a76   0x00000002   Code   RO         8300    i.__scatterload_null  mc_w.l(handlers.o)
    0x00002a78   0x00002a78   0x0000000e   Code   RO         8301    i.__scatterload_zeroinit  mc_w.l(handlers.o)
    0x00002a86   0x00002a86   0x00000002   PAD
    0x00002a88   0x00002a88   0x00000184   Code   RO         8176    i._fp_digits        mc_w.l(printfa.o)
    0x00002c0c   0x00002c0c   0x00000016   Code   RO         7592    i._io_ActivatedBufEmpty  mdp_io.o
    0x00002c22   0x00002c22   0x00000034   Code   RO         7593    i._io_GetByte       mdp_io.o
    0x00002c56   0x00002c56   0x00000074   Code   RO         7594    i._io_GetLine       mdp_io.o
    0x00002cca   0x00002cca   0x00000002   PAD
    0x00002ccc   0x00002ccc   0x000002ac   Code   RO         7777    i._io_GetRawData    mdp_pkgproc.o
    0x00002f78   0x00002f78   0x0000002a   Code   RO         7596    i._io_InputBufAdvancePointer  mdp_io.o
    0x00002fa2   0x00002fa2   0x00000018   Code   RO         7598    i._io_InputBufEmpty  mdp_io.o
    0x00002fba   0x00002fba   0x00000026   Code   RO         7600    i._io_InputBufGetSize  mdp_io.o
    0x00002fe0   0x00002fe0   0x00000020   Code   RO         7602    i._io_InputBufRemove  mdp_io.o
    0x00003000   0x00003000   0x0000001a   Code   RO         7603    i._io_InputBufRemoveByte  mdp_io.o
    0x0000301a   0x0000301a   0x00000018   Code   RO         7605    i._io_InputBufRetreatPointer  mdp_io.o
    0x00003032   0x00003032   0x0000003a   Code   RO         7606    i._io_InputBufWrite  mdp_io.o
    0x0000306c   0x0000306c   0x00000014   Code   RO         7607    i._io_InputBufWriteByte  mdp_io.o
    0x00003080   0x00003080   0x00000062   Code   RO         7608    i._io_InputProcess  mdp_io.o
    0x000030e2   0x000030e2   0x00000050   Code   RO         7609    i._io_OutputProcess  mdp_io.o
    0x00003132   0x00003132   0x00000002   PAD
    0x00003134   0x00003134   0x00000038   Code   RO         7778    i._io_PackageProcess  mdp_pkgproc.o
    0x0000316c   0x0000316c   0x0000001c   Code   RO         7610    i._io_Transmit      mdp_io.o
    0x00003188   0x00003188   0x000006dc   Code   RO         8177    i._printf_core      mc_w.l(printfa.o)
    0x00003864   0x00003864   0x00000024   Code   RO         8178    i._printf_post_padding  mc_w.l(printfa.o)
    0x00003888   0x00003888   0x0000002e   Code   RO         8179    i._printf_pre_padding  mc_w.l(printfa.o)
    0x000038b6   0x000038b6   0x00000018   Code   RO         8225    i.fabs              m_wm.l(fabs.o)
    0x000038ce   0x000038ce   0x00000002   PAD
    0x000038d0   0x000038d0   0x00000018   Code   RO            2    i.fputc             main.o
    0x000038e8   0x000038e8   0x00000038   Code   RO         7612    i.io_GetData        mdp_io.o
    0x00003920   0x00003920   0x000000bc   Code   RO         7613    i.io_Init           mdp_io.o
    0x000039dc   0x000039dc   0x00000038   Code   RO         7779    i.io_PackageMode    mdp_pkgproc.o
    0x00003a14   0x00003a14   0x0000005c   Code   RO         7781    i.io_SetPkgParseFmt  mdp_pkgproc.o
    0x00003a70   0x00003a70   0x00000128   Code   RO            3    i.main              main.o
    0x00003b98   0x00003b98   0x0000007c   Code   RO         6838    i.prvAddCurrentTaskToDelayedList  tasks.o
    0x00003c14   0x00003c14   0x000000b0   Code   RO         6839    i.prvAddNewTaskToReadyList  tasks.o
    0x00003cc4   0x00003cc4   0x00000064   Code   RO         7123    i.prvCheckForValidListAndQueue  timers.o
    0x00003d28   0x00003d28   0x00000048   Code   RO         6840    i.prvCheckTasksWaitingTermination  tasks.o
    0x00003d70   0x00003d70   0x0000002a   Code   RO         6631    i.prvCopyDataFromQueue  queue.o
    0x00003d9a   0x00003d9a   0x0000006a   Code   RO         6632    i.prvCopyDataToQueue  queue.o
    0x00003e04   0x00003e04   0x00000012   Code   RO         6841    i.prvDeleteTCB      tasks.o
    0x00003e16   0x00003e16   0x00000002   PAD
    0x00003e18   0x00003e18   0x00000028   Code   RO         7124    i.prvGetNextExpireTime  timers.o
    0x00003e40   0x00003e40   0x0000007c   Code   RO         7330    i.prvHeapInit       heap_4.o
    0x00003ebc   0x00003ebc   0x00000028   Code   RO         6842    i.prvIdleTask       tasks.o
    0x00003ee4   0x00003ee4   0x0000002a   Code   RO         6633    i.prvInitialiseNewQueue  queue.o
    0x00003f0e   0x00003f0e   0x000000a4   Code   RO         6843    i.prvInitialiseNewTask  tasks.o
    0x00003fb2   0x00003fb2   0x00000002   PAD
    0x00003fb4   0x00003fb4   0x00000068   Code   RO         6844    i.prvInitialiseTaskLists  tasks.o
    0x0000401c   0x0000401c   0x00000068   Code   RO         7331    i.prvInsertBlockIntoFreeList  heap_4.o
    0x00004084   0x00004084   0x00000058   Code   RO         7126    i.prvInsertTimerInActiveList  timers.o
    0x000040dc   0x000040dc   0x0000001a   Code   RO         6634    i.prvIsQueueEmpty   queue.o
    0x000040f6   0x000040f6   0x0000001e   Code   RO         6635    i.prvIsQueueFull    queue.o
    0x00004114   0x00004114   0x00000090   Code   RO         6636    i.prvNotifyQueueSetContainer  queue.o
    0x000041a4   0x000041a4   0x00000064   Code   RO         7127    i.prvProcessExpiredTimer  timers.o
    0x00004208   0x00004208   0x000000f4   Code   RO         7128    i.prvProcessReceivedCommands  timers.o
    0x000042fc   0x000042fc   0x00000074   Code   RO         7129    i.prvProcessTimerOrBlockTask  timers.o
    0x00004370   0x00004370   0x00000034   Code   RO         6845    i.prvResetNextTaskUnblockTime  tasks.o
    0x000043a4   0x000043a4   0x0000002c   Code   RO         7130    i.prvSampleTimeNow  timers.o
    0x000043d0   0x000043d0   0x000000a0   Code   RO         7131    i.prvSwitchTimerLists  timers.o
    0x00004470   0x00004470   0x00000040   Code   RO         7255    i.prvTaskExitError  port.o
    0x000044b0   0x000044b0   0x0000001a   Code   RO         7132    i.prvTimerTask      timers.o
    0x000044ca   0x000044ca   0x00000092   Code   RO         6637    i.prvUnlockQueue    queue.o
    0x0000455c   0x0000455c   0x00000148   Code   RO         7332    i.pvPortMalloc      heap_4.o
    0x000046a4   0x000046a4   0x0000002c   Code   RO         7256    i.pxPortInitialiseStack  port.o
    0x000046d0   0x000046d0   0x00000028   Code   RO         6591    i.uxListRemove      list.o
    0x000046f8   0x000046f8   0x00000010   Code   RO          353    i.vApplicationMallocFailedHook  freertos.o
    0x00004708   0x00004708   0x00000014   Code   RO          354    i.vApplicationStackOverflowHook  freertos.o
    0x0000471c   0x0000471c   0x0000001a   Code   RO         6592    i.vListInitialise   list.o
    0x00004736   0x00004736   0x00000006   Code   RO         6593    i.vListInitialiseItem  list.o
    0x0000473c   0x0000473c   0x00000034   Code   RO         6594    i.vListInsert       list.o
    0x00004770   0x00004770   0x00000018   Code   RO         6595    i.vListInsertEnd    list.o
    0x00004788   0x00004788   0x00000054   Code   RO         7258    i.vPortEnterCritical  port.o
    0x000047dc   0x000047dc   0x0000003c   Code   RO         7259    i.vPortExitCritical  port.o
    0x00004818   0x00004818   0x00000094   Code   RO         7333    i.vPortFree         heap_4.o
    0x000048ac   0x000048ac   0x00000018   Code   RO         7260    i.vPortSetupTimerInterrupt  port.o
    0x000048c4   0x000048c4   0x00000078   Code   RO         7261    i.vPortValidateInterruptPriority  port.o
    0x0000493c   0x0000493c   0x0000002c   Code   RO         6641    i.vQueueAddToRegistry  queue.o
    0x00004968   0x00004968   0x0000004a   Code   RO         6644    i.vQueueWaitForMessageRestricted  queue.o
    0x000049b2   0x000049b2   0x00000002   PAD
    0x000049b4   0x000049b4   0x0000005c   Code   RO         6852    i.vTaskDelay        tasks.o
    0x00004a10   0x00004a10   0x000000d4   Code   RO         6853    i.vTaskDelayUntil   tasks.o
    0x00004ae4   0x00004ae4   0x00000018   Code   RO         6856    i.vTaskInternalSetTimeOutState  tasks.o
    0x00004afc   0x00004afc   0x0000000c   Code   RO         6857    i.vTaskMissedYield  tasks.o
    0x00004b08   0x00004b08   0x00000038   Code   RO         6859    i.vTaskPlaceOnEventList  tasks.o
    0x00004b40   0x00004b40   0x00000040   Code   RO         6860    i.vTaskPlaceOnEventListRestricted  tasks.o
    0x00004b80   0x00004b80   0x00000094   Code   RO         6866    i.vTaskStartScheduler  tasks.o
    0x00004c14   0x00004c14   0x00000010   Code   RO         6868    i.vTaskSuspendAll   tasks.o
    0x00004c24   0x00004c24   0x000000ac   Code   RO         6869    i.vTaskSwitchContext  tasks.o
    0x00004cd0   0x00004cd0   0x00000168   Code   RO         7262    i.xPortStartScheduler  port.o
    0x00004e38   0x00004e38   0x00000058   Code   RO         6648    i.xQueueGenericCreate  queue.o
    0x00004e90   0x00004e90   0x00000098   Code   RO         6649    i.xQueueGenericReset  queue.o
    0x00004f28   0x00004f28   0x000001c8   Code   RO         6650    i.xQueueGenericSend  queue.o
    0x000050f0   0x000050f0   0x00000108   Code   RO         6651    i.xQueueGenericSendFromISR  queue.o
    0x000051f8   0x000051f8   0x00000168   Code   RO         6657    i.xQueueReceive     queue.o
    0x00005360   0x00005360   0x0000008c   Code   RO         6870    i.xTaskCheckForTimeOut  tasks.o
    0x000053ec   0x000053ec   0x00000060   Code   RO         6871    i.xTaskCreate       tasks.o
    0x0000544c   0x0000544c   0x00000020   Code   RO         6874    i.xTaskGetSchedulerState  tasks.o
    0x0000546c   0x0000546c   0x0000000c   Code   RO         6875    i.xTaskGetTickCount  tasks.o
    0x00005478   0x00005478   0x00000144   Code   RO         6877    i.xTaskIncrementTick  tasks.o
    0x000055bc   0x000055bc   0x00000098   Code   RO         6880    i.xTaskRemoveFromEventList  tasks.o
    0x00005654   0x00005654   0x00000104   Code   RO         6881    i.xTaskResumeAll    tasks.o
    0x00005758   0x00005758   0x00000058   Code   RO         7136    i.xTimerCreateTimerTask  timers.o
    0x000057b0   0x000057b0   0x00000084   Code   RO         7137    i.xTimerGenericCommand  timers.o
    0x00005834   0x00005834   0x00000020   Data   RO            5    .constdata          main.o
    0x00005854   0x00005854   0x00000228   Data   RO          788    .constdata          gpio.o
    0x00005a7c   0x00005a7c   0x0000010c   Data   RO         1411    .constdata          interrupt.o
    0x00005b88   0x00005b88   0x00000080   Data   RO         1796    .constdata          uart.o
    0x00005c08   0x00005c08   0x00000254   Data   RO         2107    .constdata          sysctl.o
    0x00005e5c   0x00005e5c   0x00000020   Data   RO         7782    .constdata          mdp_pkgproc.o
    0x00005e7c   0x00005e7c   0x00000004   PAD
    0x00005e80   0x00005e80   0x00000098   Data   RO         7890    .constdata          m_wm.l(atan.o)
    0x00005f18   0x00005f18   0x000000e9   Data   RO         7783    .conststring        mdp_pkgproc.o
    0x00006001   0x00006001   0x00000003   PAD
    0x00006004   0x00006004   0x00000020   Data   RO         8297    Region$$Table       anon$$obj.o


    Execution Region RW_IRAM1 (Exec base: 0x20000000, Load base: 0x00006024, Size: 0x00008750, Max: 0x00040000, ABSOLUTE, COMPRESSED[0x00000014])

    Exec Addr    Load Addr    Size         Type   Attr      Idx    E Section Name        Object

    0x20000000   COMPRESSED   0x00000014   Data   RW          355    .data               freertos.o
    0x20000014   COMPRESSED   0x0000003c   Data   RW         6884    .data               tasks.o
    0x20000050   COMPRESSED   0x00000014   Data   RW         7143    .data               timers.o
    0x20000064   COMPRESSED   0x0000000c   Data   RW         7263    .data               port.o
    0x20000070   COMPRESSED   0x00000018   Data   RW         7338    .data               heap_4.o
    0x20000088   COMPRESSED   0x00000004   Data   RW         8266    .data               mc_w.l(stdout.o)
    0x2000008c   COMPRESSED   0x00000374   PAD
    0x20000400   COMPRESSED   0x0000026c   Data   RW         1412    vtable              interrupt.o
    0x2000066c        -       0x00000470   Zero   RW            4    .bss                main.o
    0x20000adc        -       0x00000050   Zero   RW         6663    .bss                queue.o
    0x20000b2c        -       0x000002e4   Zero   RW         6883    .bss                tasks.o
    0x20000e10        -       0x00000028   Zero   RW         7142    .bss                timers.o
    0x20000e38        -       0x00007800   Zero   RW         7337    .bss                heap_4.o
    0x20008638        -       0x00000018   Zero   RW         7619    .bss                mdp_io.o
    0x20008650        -       0x00000100   Zero   RW         6470    STACK               startup_rvmdk.o


==============================================================================

Image component sizes


      Code (inc. data)   RO Data    RW Data    ZI Data      Debug   Object Name

       482         84          0          0          0       5009   4wheel_differential.o
        38          0          0          0          0        640   cpu.o
         0          0          0          0          0       9264   event_groups.o
        20          6          0          0          0        532   fpu.o
       390        128          0         20          0      13033   freertos.o
       970         42        552          0          0      12745   gpio.o
       704         64          0         24      30720       5107   heap_4.o
       170         30          0          0          0       2049   i2c.o
       272         34        268        620          0       4438   interrupt.o
       148          0          0          0          0       3902   list.o
       396         88         32          0       1136      22158   main.o
       904          6          0          0         24      12598   mdp_io.o
       970         84        265          0          0       6185   mdp_pkgproc.o
      1068         82          0          0          0       9401   motor.o
       998         92          0         12          0      12625   port.o
       138          6          0          0          0       3375   pwm.o
      1974         20          0          0         80      18290   queue.o
       648        622          0          0        256        312   startup_rvmdk.o
      1084         74        596          0          0       7296   sysctl.o
      2562        344          0         60        740      23946   tasks.o
      1138        116          0         20         40      18611   timers.o
       928         88          0          0          0       7438   tm4c129_it.o
       512         34          0          0          0        779   tv_gpio.o
       104         20          0          0          0        578   tv_i2c.o
       256         36          0          0          0        630   tv_pwm.o
       234         36          0          0          0       1359   tv_uart.o
       358         20        128          0          0      11281   uart.o

    ----------------------------------------------------------------------
     17488       2156       1880        756      32996     213581   Object Totals
         0          0         32          0          0          0   (incl. Generated)
        22          0          7          0          0          0   (incl. Padding)

    ----------------------------------------------------------------------

      Code (inc. data)   RO Data    RW Data    ZI Data      Debug   Library Member Name

       728        106        152          0          0        228   atan.o
        52          8          0          0          0        248   dunder.o
        24          0          0          0          0        124   fabs.o
        48          0          0          0          0        124   fpclassify.o
       248          0          0          0          0        152   poly.o
        58          0          0          0          0          0   __dczerorl.o
         0          0          0          0          0          0   entry.o
         0          0          0          0          0          0   entry10a.o
         0          0          0          0          0          0   entry11a.o
         8          4          0          0          0          0   entry2.o
         4          0          0          0          0          0   entry5.o
         0          0          0          0          0          0   entry7b.o
         0          0          0          0          0          0   entry8b.o
         8          4          0          0          0          0   entry9a.o
        30          0          0          0          0          0   handlers.o
        36          8          0          0          0         68   init.o
         0          0          0          0          0          0   iusefp.o
        30          0          0          0          0         68   llshl.o
        36          0          0          0          0         68   llsshr.o
        32          0          0          0          0         68   llushr.o
        36          0          0          0          0         68   memcpya.o
        36          0          0          0          0        108   memseta.o
      2258         90          0          0          0        452   printfa.o
         0          0          0          4          0          0   stdout.o
        44          0          0          0          0         80   uidiv.o
        98          0          0          0          0         92   uldiv.o
        48          0          0          0          0         68   cdrcmple.o
        56          0          0          0          0         88   d2f.o
       334          0          0          0          0        148   dadd.o
       222          0          0          0          0        100   ddiv.o
       186          0          0          0          0        176   depilogue.o
        48          0          0          0          0         68   dfixul.o
       228          0          0          0          0         96   dmul.o
        38          0          0          0          0         68   f2d.o
       110          0          0          0          0        168   fepilogue.o

    ----------------------------------------------------------------------
      5092        220        152        888          0       2928   Library Totals
         8          0          0        884          0          0   (incl. Padding)

    ----------------------------------------------------------------------

      Code (inc. data)   RO Data    RW Data    ZI Data      Debug   Library Name

      1100        114        152          0          0        876   m_wm.l
      2714        106          0          4          0       1072   mc_w.l
      1270          0          0          0          0        980   mf_w.l

    ----------------------------------------------------------------------
      5092        220        152        888          0       2928   Library Totals

    ----------------------------------------------------------------------

==============================================================================


      Code (inc. data)   RO Data    RW Data    ZI Data      Debug   

     22580       2376       2032       1644      32996     197405   Grand Totals
     22580       2376       2032         20      32996     197405   ELF Image Totals (compressed)
     22580       2376       2032         20          0          0   ROM Totals

==============================================================================

    Total RO  Size (Code + RO Data)                24612 (  24.04kB)
    Total RW  Size (RW Data + ZI Data)             34640 (  33.83kB)
    Total ROM Size (Code + RO Data + RW Data)      24632 (  24.05kB)

==============================================================================

